14.953	EVT,579280,DROP dt=10 tau=6 V=170.8
14.959	DROP,579279,44,10790,6387,7612,87,64,1708,2,0,3796,3353
17.546	EVT,581877,DROP dt=11 tau=7 V=155.7
17.552	DROP,581877,45,11832,7434,7531,79,62,1557,2,1596,3800,3351
20.203	EVT,584539,DROP dt=11 tau=7 V=156.6
20.209	DROP,584539,46,11825,7499,7484,79,62,1566,2,3191,3800,3354
22.870	EVT,587211,DROP dt=11 tau=7 V=159.2
22.876	DROP,587211,47,11814,7506,7541,79,62,1592,2,4787,3802,3354
25.550	EVT,589896,DROP dt=11 tau=7 V=160.0
25.556	DROP,589896,48,11826,7558,7529,79,62,1600,2,6382,3801,3352
28.249	EVT,592600,DROP dt=11 tau=7 V=156.0
28.255	DROP,592599,49,11841,7629,7355,79,62,1560,2,7978,3802,3347
30.950	EVT,595305,DROP dt=11 tau=7 V=156.6
30.955	DROP,595305,50,11877,7575,7478,78,62,1566,2,9573,3797,3360
33.574	EVT,597934,DROP dt=11 tau=7 V=151.4
33.580	DROP,597934,51,11911,7519,7416,78,61,1514,2,11169,3800,3350
36.306	EVT,600670,DROP dt=11 tau=7 V=158.5
36.311	DROP,600670,52,11885,7604,7514,78,62,1585,2,12765,3798,3347
39.025	EVT,603395,DROP dt=11 tau=7 V=156.8
39.031	DROP,603394,53,11892,7625,7453,78,62,1568,2,14360,3800,3352
41.568	EVT,605941,DROP dt=12 tau=7 V=136.5
41.574	DROP,605941,54,12026,7445,7151,77,59,1365,2,15956,3800,3362
44.417	EVT,608795,DROP dt=12 tau=7 V=141.0
44.423	DROP,608794,55,12025,7552,7195,77,60,1410,2,17551,3798,3354
47.262	EVT,611643,DROP dt=11 tau=7 V=148.1
47.268	DROP,611643,56,11950,7556,7327,78,61,1481,2,17551,3802,3355
50.120	EVT,614505,DROP dt=12 tau=7 V=144.2
50.125	DROP,614505,57,12011,7624,7210,77,60,1442,2,17551,3800,3360
52.985	EVT,617375,DROP dt=12 tau=7 V=143.6
52.991	DROP,617375,58,12027,7625,7212,77,60,1436,2,15956,3799,3354
55.838	EVT,620232,DROP dt=12 tau=7 V=140.8
55.844	DROP,620232,59,12023,7515,7224,77,60,1408,2,15956,3798,3360
58.694	EVT,623093,DROP dt=12 tau=7 V=144.3
58.700	DROP,623093,60,12043,7573,7308,77,60,1443,2,15956,3797,3353
61.541	EVT,625944,DROP dt=12 tau=7 V=143.6
61.547	DROP,625944,61,12032,7516,7324,77,60,1436,2,15956,3798,3354
64.401	EVT,628806,DROP dt=12 tau=7 V=142.9
64.404	DROP,628806,62,12013,7567,7225,77,60,1429,2,15956,3797,3360