2.331	EVT,331420,DROP dt=12 tau=8 V=36.6
2.337	DROP,331419,89,12397,8193,7787,75,63,366,2,3489,3861,3339
6.051	EVT,335146,DROP dt=12 tau=8 V=35.1
6.057	DROP,335145,90,12378,8163,7590,75,62,351,2,3489,3862,3342
9.763	EVT,338862,DROP dt=12 tau=8 V=34.9
9.768	DROP,338862,91,12405,8117,7644,75,62,349,2,3489,3862,3339
13.478	EVT,342585,DROP dt=12 tau=8 V=33.6
13.483	DROP,342584,92,12384,8023,7519,75,61,336,2,3489,3872,3354
17.196	EVT,346309,DROP dt=12 tau=8 V=34.7
17.201	DROP,346309,93,12417,8089,7660,74,62,347,2,3489,3872,3343
20.932	EVT,350053,DROP dt=12 tau=8 V=35.2
20.938	DROP,350053,94,12399,8127,7663,75,62,352,2,3489,3864,3343
24.654	EVT,353782,DROP dt=12 tau=8 V=34.5
24.659	DROP,353782,95,12472,8167,7617,74,62,345,2,3489,3860,3354
28.362	EVT,357496,DROP dt=12 tau=8 V=34.9
28.367	DROP,357496,96,12405,8150,7609,75,62,349,2,3489,3872,3351
32.094	EVT,361235,DROP dt=12 tau=8 V=34.7
32.100	DROP,361235,97,12401,8149,7567,75,62,347,2,3489,3872,3353
35.830	EVT,364977,DROP dt=12 tau=8 V=35.6
35.835	DROP,364977,98,12401,8242,7607,75,62,356,2,3489,3864,3338
39.572	EVT,368727,DROP dt=12 tau=8 V=34.4
39.579	DROP,368726,99,12412,8117,7576,74,61,344,2,3489,3862,3338
43.330	EVT,372491,DROP dt=12 tau=8 V=35.2
43.336	DROP,372491,100,12408,8141,7659,75,62,352,2,3489,3866,3343
47.070	EVT,376237,DROP dt=12 tau=8 V=34.9
47.075	DROP,376237,101,12407,8121,7640,75,62,349,2,3489,3864,3339
50.782	EVT,379958,DROP dt=12 tau=8 V=33.9
50.789	DROP,379958,102,12352,8016,7524,75,61,339,2,3489,3873,3343
54.508	EVT,383690,DROP dt=12 tau=8 V=33.2
54.514	DROP,383690,103,12403,8003,7501,75,61,332,2,3489,3871,3349
58.247	EVT,387436,DROP dt=12 tau=8 V=34.2
58.253	DROP,387436,104,12411,8071,7585,74,61,342,2,3489,3867,3343