0.965	EVT,41382,DROP dt=12 tau=7 V=86.6
0.969	DROP,41381,8,12377,7022,6546,75,55,866,1,0,3776,3490
0.979	EVT,41381,PULSES,tau_lo_us=7022,tau_hi_us=1571,bot_lo_us=6546,bot_hi_us=5466,top_peak=3898,bot_peak=3876
5.387	EVT,45811,DROP dt=12 tau=7 V=83.7
5.391	DROP,45810,9,12468,7001,6557,74,54,837,1,0,3776,3492
5.401	EVT,45810,PULSES,tau_lo_us=7001,tau_hi_us=1587,bot_lo_us=6557,bot_hi_us=5472,top_peak=3896,bot_peak=3874
9.777	EVT,50208,DROP dt=12 tau=7 V=90.3
9.782	DROP,50208,10,12474,7176,6573,74,56,903,1,0,3776,3487
9.784	EVT,50217,CAL DONE Vcal=88.9 uL
9.883	EVT,50208,PULSES,tau_lo_us=7176,tau_hi_us=1683,bot_lo_us=6573,bot_hi_us=5489,top_peak=3896,bot_peak=3866
14.197	EVT,54637,DROP dt=12 tau=7 V=85.5
14.203	DROP,54636,11,12439,7032,6547,74,55,855,2,0,3774,3495
14.214	EVT,54636,PULSES,tau_lo_us=7032,tau_hi_us=1536,bot_lo_us=6547,bot_hi_us=5465,top_peak=3896,bot_peak=3874
18.655	EVT,59102,DROP dt=12 tau=6 V=82.7
18.660	DROP,59102,12,12322,6886,6523,75,54,827,2,1067,3778,3488
18.671	EVT,59102,PULSES,tau_lo_us=6886,tau_hi_us=1372,bot_lo_us=6523,bot_hi_us=5450,top_peak=3896,bot_peak=3876
23.017	EVT,63470,DROP dt=12 tau=7 V=89.9
23.023	DROP,63470,13,12395,7117,6600,75,56,899,2,2134,3776,3492
23.032	EVT,63470,PULSES,tau_lo_us=7117,tau_hi_us=1760,bot_lo_us=6600,bot_hi_us=5493,top_peak=3898,bot_peak=3864
27.357	EVT,67817,DROP dt=12 tau=6 V=83.5
27.362	DROP,67817,14,12456,6989,6604,74,54,835,2,3202,3776,3492
27.372	EVT,67817,PULSES,tau_lo_us=6989,tau_hi_us=1595,bot_lo_us=6604,bot_hi_us=5492,top_peak=3896,bot_peak=3866
31.693	EVT,72162,DROP dt=12 tau=7 V=89.5
31.699	DROP,72162,15,12527,7187,6607,74,55,895,2,4269,3776,3492
31.708	EVT,72162,PULSES,tau_lo_us=7187,tau_hi_us=1961,bot_lo_us=6607,bot_hi_us=5528,top_peak=3916,bot_peak=3860
36.108	EVT,76586,DROP dt=12 tau=6 V=80.5
36.114	DROP,76586,16,12351,6846,6568,75,54,805,2,5336,3778,3485
36.123	EVT,76586,PULSES,tau_lo_us=6846,tau_hi_us=1680,bot_lo_us=6568,bot_hi_us=5547,top_peak=3898,bot_peak=3870
40.512	EVT,80998,DROP dt=12 tau=7 V=88.1
40.517	DROP,80998,17,12460,7112,6651,74,55,881,2,6403,3776,3492
40.528	EVT,80998,PULSES,tau_lo_us=7112,tau_hi_us=1684,bot_lo_us=6651,bot_hi_us=5483,top_peak=3896,bot_peak=3866
44.903	EVT,85397,DROP dt=12 tau=6 V=84.7
44.908	DROP,85397,18,12419,6998,6596,74,54,847,2,6403,3778,3486
44.919	EVT,85397,PULSES,tau_lo_us=6998,tau_hi_us=1850,bot_lo_us=6596,bot_hi_us=5527,top_peak=3910,bot_peak=3855
49.340	EVT,89841,DROP dt=12 tau=7 V=90.7
49.345	DROP,89841,19,12365,7119,6550,75,56,907,2,6403,3778,3498
49.356	EVT,89841,PULSES,tau_lo_us=7119,tau_hi_us=1633,bot_lo_us=6550,bot_hi_us=5396,top_peak=3898,bot_peak=3868
53.812	EVT,94321,DROP dt=12 tau=7 V=90.8
53.817	DROP,94321,20,12451,7175,6648,74,56,908,2,6403,3776,3492
53.827	EVT,94321,PULSES,tau_lo_us=7175,tau_hi_us=1556,bot_lo_us=6648,bot_hi_us=5469,top_peak=3897,bot_peak=3870
58.196	EVT,98714,DROP dt=12 tau=7 V=96.0
58.202	DROP,98714,21,12471,7315,6681,74,57,960,2,6403,3776,3485
58.213	EVT,98714,PULSES,tau_lo_us=7315,tau_hi_us=1719,bot_lo_us=6681,bot_hi_us=5424,top_peak=3904,bot_peak=3864