2.817	EVT,30477,DROP_REJECT,reason=v_low,dt_us=4311810,tau_us=3089,v_mmps_tenths=-211471,d_mm_tenths=-653,V_uL_tenths=-1456369
2.825	EVT,30477,PULSES,tau_lo_us=3089,tau_hi_us=1235,bot_lo_us=6788,bot_hi_us=39,top_peak=3982,bot_peak=3948
7.122	EVT,34800,DROP dt=7 tau=3 V=36.2
7.128	DROP,34800,5,7543,3146,7169,129,41,362,1,0,3904,3574
7.138	EVT,34800,PULSES,tau_lo_us=3146,tau_hi_us=1097,bot_lo_us=7169,bot_hi_us=6186,top_peak=3981,bot_peak=3896
11.425	EVT,39110,DROP dt=7 tau=3 V=36.1
11.431	DROP,39110,6,7628,3182,7122,127,41,361,1,0,3898,3578
11.441	EVT,39110,PULSES,tau_lo_us=3182,tau_hi_us=1035,bot_lo_us=7122,bot_hi_us=6134,top_peak=3974,bot_peak=3882
15.719	EVT,43409,DROP dt=7 tau=3 V=33.5
15.721	DROP,43408,7,7573,3079,7066,128,40,335,1,0,3904,3580
15.732	EVT,43408,PULSES,tau_lo_us=3079,tau_hi_us=1092,bot_lo_us=7066,bot_hi_us=6130,top_peak=3980,bot_peak=3892
19.988	EVT,47686,DROP dt=7 tau=3 V=34.0
19.993	DROP,47685,8,7534,3079,7126,129,40,340,1,0,3904,3576
20.003	EVT,47685,PULSES,tau_lo_us=3079,tau_hi_us=1080,bot_lo_us=7126,bot_hi_us=6142,top_peak=3976,bot_peak=3880
24.296	EVT,51998,DROP dt=7 tau=3 V=32.0
24.298	DROP,51997,9,7711,3090,7110,126,39,320,1,0,3904,3580
24.308	EVT,51997,PULSES,tau_lo_us=3090,tau_hi_us=1097,bot_lo_us=7110,bot_hi_us=6069,top_peak=3967,bot_peak=3870
28.729	EVT,56441,DROP dt=7 tau=3 V=43.8
28.736	DROP,56441,10,7144,3169,138212,136,44,438,1,0,3904,3574
28.737	EVT,56449,CAL DONE Vcal=36.5 uL
28.836	EVT,56441,PULSES,tau_lo_us=3169,tau_hi_us=1270,bot_lo_us=138212,bot_hi_us=6828,top_peak=3982,bot_peak=3936
50.221	EVT,77963,DROP dt=7 tau=3 V=41.8
50.227	DROP,77963,11,7308,3193,8974,133,43,418,2,0,3904,3578
50.236	EVT,77963,PULSES,tau_lo_us=3193,tau_hi_us=1235,bot_lo_us=8974,bot_hi_us=6725,top_peak=3983,bot_peak=3912
54.531	EVT,82277,DROP dt=7 tau=3 V=39.5
54.534	DROP,82276,12,7335,3147,8488,133,42,395,2,438,3900,3578
54.544	EVT,82276,PULSES,tau_lo_us=3147,tau_hi_us=1214,bot_lo_us=8488,bot_hi_us=6724,top_peak=3984,bot_peak=3906
58.848	EVT,86601,DROP dt=7 tau=3 V=61.1
58.853	DROP,86601,13,7254,3592,8568,134,49,611,2,875,3898,3576
58.864	EVT,86601,PULSES,tau_lo_us=3592,tau_hi_us=1794,bot_lo_us=8568,bot_hi_us=6726,top_peak=3990,bot_peak=3908