3.617	EVT,27942,DROP dt=12 tau=6 V=54.3
3.622	DROP,27942,6,12551,6354,7179,74,47,543,1,0,3879,3327
3.633	EVT,27942,PULSES,tau_lo_us=6354,tau_hi_us=4399,bot_lo_us=7179,bot_hi_us=6139,top_peak=4015,bot_peak=3922
7.725	EVT,32057,DROP dt=12 tau=6 V=55.0
7.730	DROP,32057,7,12593,6535,7170,73,47,550,1,0,3875,3327
7.741	EVT,32057,PULSES,tau_lo_us=6535,tau_hi_us=1642,bot_lo_us=7170,bot_hi_us=6185,top_peak=4015,bot_peak=3919
11.828	EVT,36168,DROP dt=12 tau=6 V=54.3
11.833	DROP,36168,8,12563,6268,7180,73,47,543,1,0,3880,3327
11.842	EVT,36168,PULSES,tau_lo_us=6268,tau_hi_us=4411,bot_lo_us=7180,bot_hi_us=6147,top_peak=4015,bot_peak=3919
15.919	EVT,40268,DROP dt=12 tau=6 V=56.6
15.924	DROP,40268,9,12469,6113,7159,74,48,566,1,0,3875,3327
15.936	EVT,40268,PULSES,tau_lo_us=6113,tau_hi_us=4275,bot_lo_us=7159,bot_hi_us=6176,top_peak=4015,bot_peak=3919
20.029	EVT,44385,DROP dt=12 tau=6 V=54.3
20.035	DROP,44385,10,12505,6269,7124,74,47,543,1,0,3880,3327
20.037	EVT,44393,CAL DONE Vcal=54.8 uL
20.135	EVT,44385,PULSES,tau_lo_us=6269,tau_hi_us=4348,bot_lo_us=7124,bot_hi_us=6113,top_peak=4014,bot_peak=3919
24.169	EVT,48530,DROP dt=12 tau=6 V=54.8
24.173	DROP,48530,11,12517,6196,7103,74,47,548,2,0,3883,3323
24.183	EVT,48530,PULSES,tau_lo_us=6196,tau_hi_us=4349,bot_lo_us=7103,bot_hi_us=6138,top_peak=4015,bot_peak=3919
28.309	EVT,52672,DROP dt=12 tau=6 V=54.1
28.310	DROP,52672,12,12560,6354,7134,73,47,541,2,658,3878,3327
28.318	EVT,52672,PULSES,tau_lo_us=6354,tau_hi_us=4396,bot_lo_us=7134,bot_hi_us=6138,top_peak=4015,bot_peak=3919
32.400	EVT,56775,DROP dt=12 tau=6 V=54.3
32.405	DROP,56775,13,12539,6200,7148,74,47,543,2,1315,3874,3321
32.416	EVT,56775,PULSES,tau_lo_us=6200,tau_hi_us=4417,bot_lo_us=7148,bot_hi_us=6131,top_peak=4014,bot_peak=3919
36.510	EVT,60884,DROP dt=12 tau=6 V=55.1
36.512	DROP,60884,14,12529,6210,7068,74,47,551,2,1973,3875,3327
36.520	EVT,60884,PULSES,tau_lo_us=6210,tau_hi_us=4382,bot_lo_us=7068,bot_hi_us=6155,top_peak=4014,bot_peak=3919
40.611	EVT,64998,DROP dt=12 tau=6 V=51.6
40.615	DROP,64998,15,12557,6185,7083,73,46,516,2,2630,3881,3335
40.627	EVT,64998,PULSES,tau_lo_us=6185,tau_hi_us=4381,bot_lo_us=7083,bot_hi_us=6042,top_peak=4015,bot_peak=3919
44.745	EVT,69141,DROP dt=12 tau=6 V=53.8
44.750	DROP,69141,16,12540,6168,7115,74,47,538,2,3288,3875,3337
44.760	EVT,69141,PULSES,tau_lo_us=6168,tau_hi_us=4348,bot_lo_us=7115,bot_hi_us=6116,top_peak=4015,bot_peak=3919
48.901	EVT,73305,DROP dt=12 tau=6 V=55.4
48.907	DROP,73305,17,12554,6174,7067,73,47,554,2,3946,3880,3327
48.918	EVT,73305,PULSES,tau_lo_us=6174,tau_hi_us=4478,bot_lo_us=7067,bot_hi_us=6179,top_peak=4015,bot_peak=3919
53.136	EVT,77464,DROP dt=12 tau=6 V=53.9
53.138	DROP,77463,18,12520,6169,7150,74,47,539,2,4603,3880,3323
53.140	EVT,77463,PULSES,tau_lo_us=6169,tau_hi_us=4341,bot_lo_us=7150,bot_hi_us=6107,top_peak=4014,bot_peak=3919
57.151	EVT,81568,DROP dt=12 tau=6 V=54.2
57.158	DROP,81568,19,12548,6219,7059,74,47,542,2,4603,3875,3322
57.168	EVT,81568,PULSES,tau_lo_us=6219,tau_hi_us=4352,bot_lo_us=7059,bot_hi_us=6135,top_peak=4015,bot_peak=3919