1.146	EVT,316660,DROP dt=11 tau=6 V=51.2
1.151	DROP,316660,97,11804,6831,6710,79,56,512,2,5630,3808,3384
4.418	EVT,319937,DROP dt=11 tau=6 V=51.4
4.421	DROP,319936,98,11862,6910,6719,78,56,514,2,5630,3808,3373
7.684	EVT,323209,DROP dt=11 tau=6 V=52.3
7.689	DROP,323209,99,11724,6825,6715,80,56,523,2,5630,3808,3387
10.954	EVT,326484,DROP dt=11 tau=6 V=51.1
10.960	DROP,326484,100,11789,6854,6662,79,56,511,2,5630,3808,3374
14.224	EVT,329758,DROP dt=11 tau=6 V=51.2
14.229	DROP,329758,101,11844,6865,6724,79,56,512,2,5630,3808,3375
17.496	EVT,333035,DROP dt=11 tau=6 V=51.1
17.502	DROP,333035,102,11875,6909,6714,78,56,511,2,5630,3808,3387
20.779	EVT,336323,DROP dt=11 tau=6 V=53.6
20.784	DROP,336323,103,11781,6842,6870,79,57,536,2,5630,3808,3373
24.068	EVT,339616,DROP dt=11 tau=6 V=54.3
24.073	DROP,339616,104,11822,6896,6931,79,57,543,2,5630,3808,3375
27.353	EVT,342901,DROP dt=11 tau=6 V=54.6
27.354	DROP,342901,105,11757,6827,6937,79,57,546,2,5630,3808,3375
30.621	EVT,346180,DROP dt=11 tau=6 V=54.1
30.626	DROP,346179,106,11623,6688,6875,80,57,541,2,5630,3808,3375
33.919	EVT,349482,DROP dt=11 tau=6 V=52.9
33.925	DROP,349482,107,11813,6836,6858,79,56,529,2,5630,3808,3379
37.218	EVT,352784,DROP dt=11 tau=6 V=53.5
37.221	DROP,352783,108,11807,6881,6855,79,57,535,2,5630,3806,3375
40.486	EVT,356059,DROP dt=11 tau=6 V=53.3
40.492	DROP,356059,109,11794,6840,6870,79,56,533,2,5630,3808,3385
43.775	EVT,359353,DROP dt=11 tau=6 V=54.9
43.781	DROP,359353,110,11780,6946,6875,79,57,549,2,5630,3808,3380
47.060	EVT,362643,DROP dt=11 tau=6 V=54.8
47.066	DROP,362643,111,11757,6895,6887,79,57,548,2,5630,3808,3375
50.355	EVT,365944,DROP dt=11 tau=6 V=55.4
50.361	DROP,365943,112,11495,6563,6943,81,57,554,2,5630,3808,3374
53.647	EVT,369241,DROP dt=11 tau=6 V=53.0
53.653	DROP,369241,113,11800,6836,6851,79,56,530,2,5630,3808,3381
56.923	EVT,372522,DROP dt=11 tau=6 V=55.0
56.928	DROP,372522,114,11767,6912,6901,79,57,550,2,5630,3808,3375