1.338	EVT,415466,DROP dt=11 tau=6 V=54.8
1.344	DROP,415466,127,11790,6967,6857,79,57,548,2,5630,3808,3384
4.652	EVT,418786,DROP dt=11 tau=6 V=53.7
4.658	DROP,418786,128,11820,6894,6881,79,57,537,2,5630,3808,3375
7.969	EVT,422108,DROP dt=11 tau=6 V=53.6
7.974	DROP,422108,129,11762,6806,6888,79,57,536,2,5630,3808,3375
11.277	EVT,425422,DROP dt=11 tau=6 V=54.0
11.282	DROP,425422,130,11728,6828,6858,80,57,540,2,5630,3808,3381
14.597	EVT,428749,DROP dt=11 tau=6 V=54.0
14.603	DROP,428748,131,11758,6840,6881,79,57,540,2,5630,3808,3375
17.910	EVT,432066,DROP dt=11 tau=6 V=54.7
17.915	DROP,432066,132,11754,6894,6880,79,57,547,2,5630,3808,3375
21.216	EVT,435380,DROP dt=11 tau=6 V=54.8
21.222	DROP,435380,133,11733,6842,6911,79,57,548,2,5630,3808,3379
24.533	EVT,438702,DROP dt=11 tau=6 V=55.1
24.539	DROP,438702,134,11782,6956,6884,79,57,551,2,5630,3808,3385
27.855	EVT,442027,DROP dt=11 tau=6 V=55.0
27.859	DROP,442027,135,11790,6909,6931,79,57,550,2,5630,3808,3373
31.173	EVT,445352,DROP dt=11 tau=6 V=54.8
31.178	DROP,445352,136,11733,6838,6917,79,57,548,2,5630,3808,3379
34.501	EVT,448687,DROP dt=11 tau=6 V=54.3
34.508	DROP,448687,137,11728,6840,6869,80,57,543,2,5630,3808,3385
37.813	EVT,452005,DROP dt=11 tau=6 V=55.4
37.818	DROP,452005,138,11664,6798,6914,80,57,554,2,5630,3808,3382
41.140	EVT,455338,DROP dt=11 tau=6 V=53.8
41.146	DROP,455338,139,11779,6844,6884,79,57,538,2,5630,3808,3375
44.477	EVT,458681,DROP dt=11 tau=6 V=54.0
44.483	DROP,458681,140,11748,6815,6893,79,57,540,2,5630,3805,3374
47.806	EVT,462017,DROP dt=11 tau=6 V=55.7
47.811	DROP,462016,141,11780,6956,6924,79,57,557,2,5630,3808,3384
51.156	EVT,465373,DROP dt=11 tau=6 V=53.8
51.162	DROP,465373,142,11817,6900,6878,79,57,538,2,5630,3808,3375
54.499	EVT,468723,DROP dt=11 tau=6 V=55.9
54.505	DROP,468723,143,11792,6957,6959,79,57,559,2,5004,3808,3384
57.831	EVT,472062,DROP dt=11 tau=6 V=55.2
57.837	DROP,472062,144,11653,6822,6864,80,57,552,2,5004,3808,3384