3.019	EVT,47088,DROP dt=11 tau=7 V=39.6
3.024	DROP,47088,14,11881,7093,6838,78,57,396,2,1419,3808,3373
6.058	EVT,50130,DROP dt=11 tau=7 V=40.0
6.061	DROP,50129,15,11893,7164,6819,78,57,400,2,1892,3808,3370
8.981	EVT,53060,DROP dt=11 tau=6 V=38.0
8.987	DROP,53059,16,11942,6996,6822,78,56,380,2,2364,3808,3375
12.039	EVT,56123,DROP dt=11 tau=7 V=39.5
12.044	DROP,56123,17,11898,7055,6875,78,57,395,2,2837,3808,3375
15.085	EVT,59174,DROP dt=11 tau=7 V=39.0
15.091	DROP,59174,18,11908,7044,6852,78,57,390,2,3310,3808,3371
18.147	EVT,62242,DROP dt=11 tau=6 V=38.4
18.153	DROP,62241,19,11881,6973,6822,78,56,384,2,3783,3808,3374
21.214	EVT,65314,DROP dt=11 tau=7 V=38.9
21.220	DROP,65313,20,11883,7011,6844,78,57,389,2,4256,3805,3371
24.262	EVT,68366,DROP dt=11 tau=6 V=38.6
24.267	DROP,68366,21,11896,6989,6837,78,56,386,2,4256,3808,3372
27.311	EVT,71420,DROP dt=11 tau=7 V=39.1
27.314	DROP,71419,22,11897,7023,6869,78,57,391,2,4256,3808,3370
30.372	EVT,74487,DROP dt=11 tau=6 V=39.7
30.378	DROP,74487,23,11839,6960,6920,79,57,397,2,4256,3808,3370
33.432	EVT,77551,DROP dt=11 tau=7 V=39.1
33.437	DROP,77550,24,11904,7032,6868,78,57,391,2,4256,3808,3370
36.486	EVT,80610,DROP dt=11 tau=7 V=39.4
36.492	DROP,80610,25,11855,7013,6864,79,57,394,2,4256,3808,3369
39.535	EVT,83663,DROP dt=11 tau=6 V=39.7
39.540	DROP,83663,26,11843,6972,6920,79,57,397,2,4256,3808,3370
42.587	EVT,86719,DROP dt=11 tau=6 V=39.2
42.592	DROP,86719,27,11832,6981,6840,79,57,392,2,4256,3808,3374
45.653	EVT,89790,DROP dt=11 tau=6 V=37.7
45.658	DROP,89790,28,11928,6967,6794,78,56,377,2,4256,3808,3378
48.723	EVT,92865,DROP dt=11 tau=7 V=40.4
48.728	DROP,92865,29,11843,7103,6864,79,57,404,2,4256,3808,3369
51.796	EVT,95941,DROP dt=11 tau=6 V=38.2
51.800	DROP,95941,30,11860,6971,6773,78,56,382,2,4256,3808,3381
54.884	EVT,99035,DROP dt=11 tau=7 V=39.6
54.889	DROP,99035,31,11883,7070,6855,78,57,396,2,4256,3808,3375
57.962	EVT,102116,DROP dt=11 tau=6 V=39.1
57.965	DROP,102116,32,11845,6906,6916,79,57,391,2,4256,3808,3370