EVT,1145492,DROP dt=13 tau=4 V=13.3
DROP,1145492,219,13315,4164,7936,69,29,133,2,0,3930,3433
EVT,1147399,DROP dt=13 tau=3 V=11.6
DROP,1147399,220,13151,3925,8215,70,28,116,2,10,3930,3434
EVT,1149329,DROP dt=13 tau=3 V=11.5
DROP,1149329,221,13176,3927,8142,69,28,115,2,20,3929,3430
EVT,1151272,DROP dt=13 tau=4 V=12.2
DROP,1151272,222,13190,4001,8187,69,29,122,2,30,3930,3430
EVT,1153223,DROP dt=13 tau=3 V=11.5
DROP,1153223,223,13121,3903,8086,70,28,115,2,41,3936,3435
EVT,1155189,DROP dt=13 tau=3 V=12.1
DROP,1155189,224,13186,3991,8181,69,28,121,2,51,3929,3429
EVT,1157158,DROP dt=13 tau=4 V=12.6
DROP,1157158,225,13192,4047,8087,69,29,126,2,61,3929,3434
EVT,1159127,DROP dt=13 tau=3 V=11.7
DROP,1159126,226,13196,3951,8071,69,28,117,2,71,3930,3433
EVT,1161106,DROP dt=13 tau=4 V=12.6
DROP,1161105,227,13263,4076,8040,69,29,126,2,81,3930,3429
EVT,1163081,DROP dt=13 tau=3 V=10.3
DROP,1163081,228,13075,3759,8123,70,27,103,2,91,3936,3431
EVT,1165061,DROP dt=13 tau=3 V=12.0
DROP,1165061,229,13209,3992,8086,69,28,120,2,101,3929,3434
EVT,1167052,DROP dt=13 tau=3 V=11.4
DROP,1167052,230,13128,3900,8023,70,28,114,2,111,3936,3434
EVT,1169043,DROP dt=13 tau=3 V=9.8
DROP,1169043,231,13069,3688,8061,70,27,98,2,122,3930,3432
EVT,1171048,DROP dt=13 tau=3 V=11.6
DROP,1171048,232,13182,3934,8087,69,28,116,2,132,3930,3432
EVT,1173054,DROP dt=13 tau=4 V=12.3
DROP,1173053,233,13227,4032,8041,69,29,123,2,142,3930,3429
EVT,1175064,DROP dt=13 tau=3 V=10.9
DROP,1175063,234,13169,3860,8056,69,28,109,2,152,3929,3432
EVT,1177083,DROP dt=13 tau=3 V=11.9
DROP,1177082,235,13186,3974,8064,69,28,119,2,152,3929,3431
EVT,1179103,DROP dt=13 tau=3 V=11.0
DROP,1179103,236,13156,3859,8081,70,28,110,2,152,3929,3434
EVT,1181131,DROP dt=13 tau=3 V=11.6
DROP,1181130,237,13192,3946,8058,69,28,116,2,152,3930,3432
EVT,1183161,DROP dt=13 tau=3 V=12.0
DROP,1183161,238,13153,3969,8047,70,28,120,2,152,3936,3431
EVT,1185199,DROP dt=13 tau=3 V=12.0
DROP,1185198,239,13224,3994,8017,69,28,120,2,142,3929,3437
EVT,1187240,DROP dt=13 tau=3 V=11.9
DROP,1187239,240,13223,3986,8072,69,28,119,2,142,3929,3433
EVT,1189281,DROP dt=13 tau=3 V=11.4
DROP,1189281,241,13159,3907,8047,70,28,114,2,142,3929,3430
EVT,1191325,DROP dt=13 tau=3 V=11.9
DROP,1191325,242,13170,3970,8037,69,28,119,2,142,3929,3429
EVT,1193369,DROP dt=13 tau=3 V=11.3
DROP,1193369,243,13152,3896,8054,70,28,113,2,142,3930,3431
EVT,1195423,DROP dt=13 tau=3 V=10.8
DROP,1195423,244,13137,3833,8061,70,27,108,2,142,3929,3432
EVT,1197470,DROP dt=13 tau=3 V=11.2
DROP,1197469,245,13183,3888,8079,69,28,112,2,142,3931,3435
EVT,1199516,DROP dt=13 tau=3 V=10.7
DROP,1199516,246,13127,3823,8006,70,27,107,2,142,3931,3435
EVT,1201569,DROP dt=13 tau=3 V=10.9
DROP,1201569,247,13121,3837,8012,70,27,109,2,142,3932,3434
EVT,1203624,DROP dt=13 tau=3 V=10.8
DROP,1203624,248,13142,3832,8055,70,27,108,2,142,3930,3432
EVT,1205676,DROP dt=13 tau=4 V=12.6
DROP,1205675,249,13258,4071,8057,69,29,126,2,142,3930,3432
EVT,1207745,DROP dt=13 tau=3 V=10.0
DROP,1207745,250,13075,3714,7987,70,27,100,2,142,3936,3432
EVT,1209803,DROP dt=13 tau=3 V=11.0
DROP,1209803,251,13168,3860,8054,69,28,110,2,142,3930,3432
EVT,1211867,DROP dt=13 tau=3 V=10.4
DROP,1211867,252,13166,3790,8039,69,27,104,2,142,3929,3429
EVT,1213928,DROP dt=13 tau=3 V=10.7
DROP,1213928,253,13192,3834,7942,69,27,107,2,142,3930,3435
EVT,1215989,DROP dt=13 tau=3 V=10.8
DROP,1215988,254,13143,3830,8059,70,27,108,2,142,3930,3432
EVT,1218052,DROP dt=13 tau=3 V=11.0
DROP,1218051,255,13186,3866,8122,69,28,110,2,142,3930,3431
EVT,1220123,DROP dt=13 tau=3 V=11.3
DROP,1220123,256,13284,3937,8007,69,28,113,2,142,3929,3436
EVT,1222209,DROP dt=13 tau=3 V=11.1
DROP,1222209,257,13130,3863,8077,70,28,111,2,142,3931,3434
EVT,1224283,DROP dt=13 tau=3 V=11.0
DROP,1224283,258,13168,3866,8080,69,28,110,2,142,3930,3434
EVT,1226355,DROP dt=13 tau=3 V=10.5
DROP,1226355,259,13141,3798,8117,70,27,105,2,142,3930,3429
EVT,1228440,DROP dt=13 tau=4 V=11.9
DROP,1228440,260,13301,4015,8007,69,28,119,2,142,3929,3434
EVT,1230513,DROP dt=13 tau=3 V=11.5
DROP,1230512,261,13168,3922,8199,69,28,115,2,142,3929,3432
EVT,1232583,DROP dt=13 tau=3 V=9.7
DROP,1232583,262,13052,3676,8149,70,26,97,2,142,3936,3437
EVT,1234667,DROP dt=13 tau=4 V=12.2
DROP,1234667,263,13216,4013,8108,69,29,122,2,142,3930,3429
EVT,1236768,DROP dt=13 tau=3 V=11.7
DROP,1236768,264,13192,3956,8090,69,28,117,2,142,3930,3434
EVT,1238855,DROP dt=13 tau=3 V=11.1
DROP,1238855,265,13114,3858,8104,70,28,111,2,142,3931,3435
EVT,1240948,DROP dt=13 tau=3 V=10.8
DROP,1240948,266,13121,3826,8104,70,27,108,2,142,3930,3434
EVT,1243036,DROP dt=13 tau=3 V=11.5
DROP,1243035,267,13156,3914,8074,70,28,115,2,142,3929,3432
EVT,1245128,DROP dt=13 tau=3 V=11.4
DROP,1245128,268,13123,3898,8147,70,28,114,2,142,3930,3434
EVT,1247223,DROP dt=13 tau=3 V=10.8
DROP,1247222,269,13127,3833,8076,70,27,108,2,142,3930,3433
EVT,1249315,DROP dt=13 tau=3 V=11.6
DROP,1249315,270,13198,3943,8073,69,28,116,2,142,3930,3432
EVT,1251407,DROP dt=13 tau=3 V=11.3
DROP,1251407,271,13123,3880,8150,70,28,113,2,142,3936,3433
EVT,1253504,DROP dt=13 tau=3 V=11.7
DROP,1253503,272,13147,3935,8055,70,28,117,2,142,3930,3432
EVT,1255600,DROP dt=13 tau=3 V=10.4
DROP,1255600,273,13070,3760,8064,70,27,104,2,142,3936,3432
EVT,1257702,DROP dt=13 tau=3 V=10.2
DROP,1257702,274,13092,3753,8059,70,27,102,2,142,3930,3429
EVT,1259798,DROP dt=13 tau=3 V=10.3
DROP,1259798,275,13075,3752,8126,70,27,103,2,142,3933,3432
EVT,1261904,DROP dt=13 tau=3 V=11.4
DROP,1261903,276,13148,3899,8127,70,28,114,2,142,3929,3432
EVT,1306447,DROP dt=13 tau=3 V=10.4
DROP,1306447,277,13046,3755,8450,70,27,104,2,0,3929,3438
EVT,1308586,DROP dt=13 tau=3 V=10.3
DROP,1308586,278,13003,3726,8422,71,27,103,2,10,3931,3432
EVT,1310722,DROP dt=13 tau=3 V=10.9
DROP,1310722,279,13076,3828,8442,70,28,109,2,20,3930,3432
EVT,1312854,DROP dt=13 tau=3 V=11.9
DROP,1312854,280,13118,3951,8435,70,28,119,2,30,3930,3432
EVT,1314998,DROP dt=13 tau=3 V=11.3
DROP,1314998,281,13092,3870,8448,70,28,113,2,41,3929,3434
EVT,1317136,DROP dt=13 tau=3 V=10.8
DROP,1317136,282,13110,3824,8323,70,27,108,2,51,3929,3435
EVT,1319277,DROP dt=13 tau=3 V=10.5
DROP,1319276,283,13064,3772,8446,70,27,105,2,61,3929,3434
