EVT,276859,DROP dt=9 tau=4 V=164.3
DROP,276859,44,9432,4542,8454,101,68,1643,2,0,3872,3394
EVT,280996,DROP dt=9 tau=4 V=160.6
DROP,280995,45,9521,4681,8344,100,67,1606,2,1455,3872,3393
EVT,293337,DROP dt=9 tau=4 V=151.7
DROP,293337,46,9535,4643,8164,100,66,1517,2,2909,3866,3392
EVT,305738,DROP dt=9 tau=4 V=155.3
DROP,305738,47,9549,4687,8235,100,67,1553,2,4364,3872,3389
EVT,326401,DROP dt=9 tau=4 V=150.4
DROP,326401,48,9554,4636,8160,100,66,1504,2,1455,3866,3390
EVT,330534,DROP dt=9 tau=4 V=142.1
DROP,330534,49,9580,4609,7992,100,65,1421,2,2909,3866,3402
EVT,334669,DROP dt=9 tau=4 V=142.8
DROP,334668,50,9584,4662,7963,100,65,1428,2,4364,3872,3391
EVT,338860,DROP dt=9 tau=4 V=147.6
DROP,338860,51,9565,4679,8056,100,66,1476,2,4364,3872,3394
EVT,343027,DROP dt=9 tau=4 V=151.5
DROP,343027,52,9580,4683,8182,100,66,1515,2,5819,3872,3393
EVT,351371,DROP dt=9 tau=4 V=170.2
DROP,351370,53,9493,4642,8590,101,69,1702,2,7273,3866,3390
EVT,363866,DROP dt=9 tau=4 V=146.3
DROP,363865,54,9554,4610,8073,100,65,1463,2,5819,3872,3397
EVT,368049,DROP dt=9 tau=4 V=152.0
DROP,368049,55,9536,4637,8179,100,66,1520,2,5819,3867,3393
EVT,372238,DROP dt=9 tau=4 V=154.6
DROP,372237,56,9509,4615,8236,100,67,1546,2,5819,3872,3395
EVT,380580,DROP dt=9 tau=4 V=167.2
DROP,380580,57,9484,4600,8545,101,68,1672,2,5819,3867,3394
EVT,397316,DROP dt=9 tau=4 V=151.9
DROP,397315,58,9545,4690,8137,100,66,1519,2,4364,3872,3390
EVT,401515,DROP dt=9 tau=4 V=149.8
DROP,401515,59,9578,4708,8107,100,66,1498,2,4364,3866,3400
EVT,405719,DROP dt=9 tau=4 V=152.4
DROP,405719,60,9541,4650,8184,100,66,1524,2,4364,3867,3395
EVT,409923,DROP dt=9 tau=4 V=154.8
DROP,409923,61,9532,4719,8168,100,67,1548,2,5819,3872,3390
EVT,418274,DROP dt=9 tau=4 V=155.6
DROP,418274,62,9458,4612,8193,101,67,1556,2,5819,3872,3392
EVT,422448,DROP dt=9 tau=4 V=150.5
DROP,422448,63,9539,4640,8138,100,66,1505,2,7273,3866,3394
EVT,426611,DROP dt=9 tau=4 V=150.3
DROP,426611,64,9540,4674,8102,100,66,1503,2,8728,3872,3390
EVT,430817,DROP dt=9 tau=4 V=146.2
DROP,430817,65,9562,4621,8070,100,65,1462,2,8728,3872,3400
EVT,435017,DROP dt=9 tau=4 V=150.6
DROP,435016,66,9538,4656,8124,100,66,1506,2,8728,3867,3395
EVT,683756,DROP dt=9 tau=4 V=152.6
DROP,683756,67,9577,4709,8181,100,66,1526,2,0,3866,3400
EVT,688024,DROP dt=9 tau=4 V=153.4
DROP,688023,68,9497,4695,8105,101,66,1534,2,1455,3872,3395
EVT,693620,DROP_REJECT,reason=vol_hi,dt_us=9471,tau_us=4800,v_mmps_tenths=10094,d_mm_tenths=29138,V_uL_tenths=2147483647
EVT,696558,DROP dt=9 tau=4 V=154.5
DROP,696557,69,9552,4781,8126,100,67,1545,2,2909,3867,3392
EVT,709361,DROP dt=9 tau=4 V=154.1
DROP,709361,70,9588,4783,8162,100,67,1541,2,4364,3866,3395
EVT,713639,DROP dt=9 tau=4 V=155.2
DROP,713638,71,9565,4787,8158,100,67,1552,2,5819,3872,3394
EVT,717914,DROP dt=9 tau=4 V=151.9
DROP,717913,72,9595,4865,8030,100,66,1519,2,5819,3872,3391
EVT,722212,DROP dt=9 tau=4 V=151.6
DROP,722211,73,9498,4687,8065,101,66,1516,2,5819,3872,3394
EVT,726479,DROP dt=9 tau=4 V=151.9
DROP,726479,74,9606,4802,8108,99,66,1519,2,7273,3867,3389
EVT,730759,DROP dt=9 tau=4 V=166.5
DROP,730758,75,9550,4767,8454,100,68,1665,2,7273,3872,3389
EVT,735149,DROP_REJECT,reason=vol_hi,dt_us=9588,tau_us=4797,v_mmps_tenths=9959,d_mm_tenths=852,V_uL_tenths=3233117
EVT,739287,DROP dt=9 tau=4 V=146.1
DROP,739287,76,9624,4754,8019,99,65,1461,2,8728,3873,3399
EVT,760726,DROP dt=9 tau=4 V=154.4
DROP,760725,77,9580,4782,8160,100,67,1544,2,2909,3866,3400
EVT,765011,DROP dt=9 tau=3 V=155.8
DROP,765011,78,9002,3892,8285,107,67,1558,2,2909,3867,3394
EVT,769312,DROP dt=9 tau=3 V=154.4
DROP,769312,79,9098,3947,8327,105,67,1544,2,2909,3866,3399
EVT,773593,DROP dt=9 tau=3 V=153.1
DROP,773593,80,9126,3965,8314,105,66,1531,2,4364,3867,3395
EVT,799000,DROP dt=9 tau=4 V=163.8
DROP,798999,81,9513,4759,8340,100,68,1638,2,2909,3866,3395
EVT,828833,DROP dt=9 tau=4 V=173.9
DROP,828833,82,9513,4785,8568,100,69,1739,2,1455,3867,3397
EVT,833100,DROP dt=9 tau=4 V=168.2
DROP,833099,83,9511,4786,8422,100,68,1682,2,1455,3867,3397
