EVT,91869,DROP dt=10 tau=3 V=15.0
DROP,91869,32,10209,3239,5852,93,31,150,2,1657,3923,3553
EVT,94648,DROP dt=10 tau=3 V=14.2
DROP,94647,33,10083,3138,5866,94,30,142,2,1657,3925,3552
EVT,97419,DROP dt=10 tau=3 V=14.5
DROP,97419,34,10097,3160,5880,94,30,145,2,1657,3923,3552
EVT,100194,DROP dt=10 tau=3 V=14.2
DROP,100193,35,10094,3141,5882,94,30,142,2,1657,3924,3552
EVT,102971,DROP dt=10 tau=3 V=13.7
DROP,102971,36,10107,3106,5835,94,30,137,2,1657,3925,3547
EVT,105755,DROP dt=10 tau=3 V=14.4
DROP,105755,37,10006,3123,5858,95,30,144,2,1657,3930,3552
EVT,108551,DROP dt=10 tau=3 V=14.1
DROP,108551,38,10056,3124,5807,95,30,141,2,1657,3928,3554
EVT,111336,DROP dt=10 tau=3 V=13.3
DROP,111336,39,10068,3062,5849,94,29,133,2,1657,3926,3554
EVT,114115,DROP dt=10 tau=3 V=13.1
DROP,114115,40,10093,3058,5812,94,29,131,2,1657,3925,3552
EVT,116900,DROP dt=10 tau=3 V=13.1
DROP,116900,41,10129,3072,5757,94,29,131,2,1657,3928,3554
EVT,119697,DROP dt=10 tau=3 V=13.3
DROP,119696,42,10076,3067,5797,94,29,133,2,1657,3925,3554
EVT,122489,DROP dt=10 tau=3 V=14.1
DROP,122489,43,10103,3138,5838,94,30,141,2,1657,3926,3547
EVT,125275,DROP dt=10 tau=3 V=13.3
DROP,125275,44,10037,3057,5897,95,29,133,2,1657,3928,3547
EVT,128060,DROP dt=9 tau=3 V=13.6
DROP,128059,45,9966,3052,5810,95,30,136,2,1657,3936,3544
EVT,130839,DROP dt=10 tau=3 V=13.8
DROP,130839,46,10122,3123,5777,94,30,138,2,1657,3928,3555
EVT,133639,DROP dt=10 tau=3 V=14.8
DROP,133639,47,10111,3192,5816,94,30,148,2,1657,3925,3544
EVT,136443,DROP dt=10 tau=3 V=13.8
DROP,136443,48,10093,3109,5848,94,30,138,2,1657,3928,3552
EVT,139239,DROP dt=10 tau=3 V=13.5
DROP,139239,49,10134,3105,5799,94,30,135,2,1657,3928,3555
EVT,142044,DROP dt=10 tau=3 V=12.7
DROP,142044,50,10020,3007,5814,95,29,127,2,1657,3929,3552
EVT,144859,DROP dt=10 tau=3 V=13.6
DROP,144859,51,10089,3098,5846,94,30,136,2,1657,3928,3553
EVT,147667,DROP dt=10 tau=3 V=13.4
DROP,147667,52,10040,3066,5837,95,29,134,2,1657,3928,3546
EVT,150468,DROP dt=10 tau=3 V=13.8
DROP,150468,53,10068,3100,5871,94,30,138,2,1657,3928,3557
EVT,153280,DROP dt=10 tau=3 V=12.7
DROP,153280,54,10045,3014,5822,95,29,127,2,1657,3929,3545
EVT,156100,DROP dt=10 tau=3 V=14.2
DROP,156100,55,10039,3121,5824,95,30,142,2,1657,3929,3544
EVT,158906,DROP dt=10 tau=3 V=14.0
DROP,158906,56,10077,3122,5829,94,30,140,2,1657,3927,3553
EVT,161722,DROP dt=10 tau=3 V=14.2
DROP,161722,57,10039,3123,5823,95,30,142,2,1657,3930,3544
EVT,164524,DROP dt=10 tau=3 V=13.5
DROP,164523,58,10072,3084,5852,94,30,135,2,1657,3928,3554
EVT,167348,DROP dt=10 tau=3 V=14.2
DROP,167348,59,10037,3121,5826,95,30,142,2,1657,3929,3544
EVT,170178,DROP dt=10 tau=3 V=14.2
DROP,170177,60,10093,3137,5880,94,30,142,2,1657,3924,3552
EVT,172996,DROP dt=10 tau=3 V=15.6
DROP,172996,61,10168,3265,5837,93,31,156,2,1657,3923,3547
EVT,175829,DROP dt=10 tau=3 V=13.9
DROP,175828,62,10207,3160,5793,93,30,139,2,1657,3922,3555
EVT,178653,DROP dt=10 tau=3 V=14.3
DROP,178653,63,10196,3185,5826,93,30,143,2,1657,3925,3544
EVT,181495,DROP dt=10 tau=3 V=13.5
DROP,181495,64,10093,3087,5846,94,30,135,2,1657,3925,3552
EVT,184322,DROP dt=10 tau=3 V=13.6
DROP,184322,65,10019,3075,5897,95,30,136,2,1657,3929,3552
EVT,187153,DROP dt=10 tau=3 V=13.6
DROP,187152,66,10092,3098,5854,94,30,136,2,1657,3926,3552
EVT,189987,DROP dt=10 tau=3 V=14.0
DROP,189986,67,10077,3124,5825,94,30,140,2,1657,3928,3554
EVT,192817,DROP dt=10 tau=3 V=13.1
DROP,192817,68,10021,3038,5851,95,29,131,2,1657,3930,3552
EVT,195652,DROP dt=10 tau=3 V=14.2
DROP,195652,69,10039,3123,5881,95,30,142,2,1657,3929,3544
EVT,198500,DROP dt=10 tau=3 V=13.5
DROP,198499,70,10092,3086,5831,94,30,135,2,1657,3928,3552
EVT,201374,DROP dt=10 tau=3 V=13.6
DROP,201374,71,10090,3098,5828,94,30,136,2,1657,3926,3553
EVT,204223,DROP dt=10 tau=3 V=14.5
DROP,204223,72,10209,3200,5835,93,30,145,2,1657,3921,3554
EVT,207076,DROP dt=10 tau=3 V=13.5
DROP,207076,73,10051,3073,5823,95,30,135,2,1657,3927,3544
EVT,209921,DROP dt=10 tau=3 V=13.7
DROP,209921,74,10046,3085,5828,95,30,137,2,1657,3927,3545
EVT,212766,DROP dt=10 tau=3 V=14.0
DROP,212766,75,10077,3120,5784,94,30,140,2,1657,3928,3552
EVT,215619,DROP dt=10 tau=3 V=13.5
DROP,215618,76,10087,3084,5850,94,30,135,2,1657,3925,3552
EVT,218484,DROP dt=10 tau=3 V=13.5
DROP,218484,77,10019,3067,5852,95,30,135,2,1657,3930,3552
EVT,221330,DROP dt=10 tau=3 V=14.1
DROP,221329,78,10124,3147,5866,94,30,141,2,1657,3923,3544
EVT,224197,DROP dt=10 tau=2 V=12.4
DROP,224197,79,10047,2986,5817,95,29,124,2,1657,3929,3544
EVT,227061,DROP dt=10 tau=3 V=13.3
DROP,227060,80,10054,3060,5816,95,29,133,2,1657,3927,3543
EVT,229910,DROP dt=10 tau=3 V=13.5
DROP,229910,81,10092,3086,5853,94,30,135,2,1657,3928,3552
EVT,232783,DROP dt=10 tau=3 V=13.5
DROP,232783,82,10052,3073,5863,95,30,135,2,1657,3929,3544
EVT,235657,DROP dt=10 tau=3 V=12.8
DROP,235657,83,10067,3027,5805,94,29,128,2,1657,3928,3557
EVT,238526,DROP dt=10 tau=3 V=14.1
DROP,238525,84,10078,3125,5788,94,30,141,2,1657,3928,3554
EVT,241398,DROP dt=10 tau=3 V=13.0
DROP,241397,85,10026,3027,5839,95,29,130,2,1657,3930,3549
EVT,244275,DROP dt=10 tau=3 V=13.2
DROP,244274,86,10093,3069,5814,94,29,132,2,1657,3925,3552
EVT,247143,DROP dt=10 tau=3 V=14.2
DROP,247142,87,10040,3125,5826,95,30,142,2,1657,3930,3544
EVT,250028,DROP dt=10 tau=3 V=12.7
DROP,250028,88,10042,3013,5760,95,29,127,2,1657,3930,3546
EVT,252909,DROP dt=10 tau=3 V=13.2
DROP,252908,89,10046,3054,5825,95,29,132,2,1657,3928,3544
EVT,255778,DROP dt=10 tau=3 V=13.6
DROP,255778,90,10092,3098,5852,94,30,136,2,1657,3923,3552
EVT,258658,DROP dt=10 tau=3 V=14.1
DROP,258657,91,10075,3124,5826,94,30,141,2,1657,3929,3555
EVT,261555,DROP dt=10 tau=3 V=13.2
DROP,261554,92,10087,3064,5826,94,29,132,2,1657,3925,3552
EVT,264444,DROP dt=10 tau=3 V=13.6
DROP,264443,93,10093,3100,5841,94,30,136,2,1657,3928,3552
EVT,267327,DROP dt=10 tau=3 V=14.3
DROP,267326,94,10032,3124,5828,95,30,143,2,1657,3930,3546
EVT,270213,DROP dt=10 tau=3 V=12.9
DROP,270213,95,10039,3025,5827,95,29,129,2,1657,3930,3547
EVT,273116,DROP dt=10 tau=2 V=12.1
DROP,273116,96,10017,2953,5783,95,28,121,2,1657,3930,3554
EVT,276017,DROP dt=10 tau=3 V=13.8
DROP,276017,97,10020,3086,5885,95,30,138,2,1657,3928,3552
EVT,278910,DROP dt=10 tau=3 V=14.0
DROP,278910,98,10077,3122,5787,94,30,140,2,1657,3928,3553
EVT,281811,DROP dt=10 tau=3 V=13.6
DROP,281811,99,10121,3107,5828,94,30,136,2,1657,3927,3545
EVT,284794,DROP dt=10 tau=3 V=13.3
DROP,284794,100,10048,3057,5821,95,29,133,2,1657,3927,3544
EVT,287703,DROP dt=10 tau=2 V=12.5
DROP,287703,101,10018,2990,5848,95,29,125,2,1657,3928,3553
EVT,290589,DROP dt=10 tau=3 V=13.7
DROP,290589,102,10092,3100,5847,94,30,137,2,1657,3925,3552
EVT,293465,DROP dt=10 tau=3 V=13.0
DROP,293465,103,10029,3028,5776,95,29,130,2,1657,3930,3549
EVT,296394,DROP dt=10 tau=2 V=12.6
DROP,296393,104,10000,2989,5826,95,29,126,2,1657,3936,3554
EVT,299317,DROP dt=10 tau=3 V=14.1
DROP,299316,105,10063,3121,5800,94,30,141,2,1657,3927,3554
EVT,302245,DROP dt=10 tau=3 V=13.0
DROP,302245,106,10040,3034,5835,95,29,130,2,1657,3930,3546
EVT,305166,DROP dt=10 tau=3 V=12.9
DROP,305166,107,10038,3025,5832,95,29,129,2,1657,3930,3547
EVT,308099,DROP dt=10 tau=3 V=14.5
DROP,308099,108,10090,3160,5822,94,30,145,2,1657,3928,3554
EVT,311021,DROP dt=10 tau=3 V=13.7
DROP,311020,109,10062,3096,5809,94,30,137,2,1657,3927,3555
EVT,313945,DROP dt=10 tau=3 V=13.8
DROP,313945,110,10043,3097,5828,95,30,138,2,1657,3928,3546
EVT,316877,DROP dt=10 tau=3 V=13.5
DROP,316877,111,10041,3069,5823,95,30,135,2,1657,3930,3547
EVT,319807,DROP dt=10 tau=3 V=14.1
DROP,319806,112,10090,3135,5826,94,30,141,2,1657,3926,3553
EVT,322730,DROP dt=10 tau=3 V=14.1
DROP,322730,113,10087,3130,5831,94,30,141,2,1657,3925,3555
EVT,325649,DROP dt=10 tau=3 V=14.3
DROP,325649,114,10066,3138,5810,94,30,143,2,1657,3926,3558
EVT,328545,DROP dt=10 tau=3 V=13.5
DROP,328545,115,10136,3100,5762,94,30,135,2,1657,3928,3555
EVT,331456,DROP dt=10 tau=3 V=13.8
DROP,331456,116,10046,3096,5826,95,30,138,2,1657,3929,3544
EVT,334387,DROP dt=10 tau=3 V=14.3
DROP,334387,117,10025,3124,5830,95,30,143,2,1657,3930,3547
EVT,337331,DROP dt=10 tau=3 V=14.6
DROP,337330,118,10089,3169,5846,94,30,146,2,1657,3928,3552
EVT,340276,DROP dt=10 tau=3 V=14.4
DROP,340276,119,10090,3152,5809,94,30,144,2,1657,3928,3554
EVT,343229,DROP dt=10 tau=3 V=14.6
DROP,343229,120,10109,3172,5828,94,30,146,2,1657,3925,3548
EVT,346163,DROP dt=10 tau=3 V=13.9
DROP,346163,121,10052,3107,5823,95,30,139,2,1657,3928,3544
EVT,349102,DROP dt=10 tau=3 V=15.2
DROP,349101,122,10040,3195,5821,95,31,152,2,1657,3928,3544
EVT,352039,DROP dt=10 tau=3 V=13.9
DROP,352039,123,10038,3098,5821,95,30,139,2,1657,3930,3546
EVT,354989,DROP dt=10 tau=3 V=13.7
DROP,354988,124,10041,3087,5833,95,30,137,2,1657,3930,3547
EVT,357931,DROP dt=10 tau=3 V=15.0
DROP,357931,125,10077,3195,5843,94,31,150,2,1657,3927,3553
EVT,360880,DROP dt=10 tau=3 V=14.2
DROP,360880,126,10039,3124,5796,95,30,142,2,1657,3930,3544
EVT,363838,DROP dt=10 tau=3 V=14.0
DROP,363838,127,10019,3098,5852,95,30,140,2,1657,3929,3552
EVT,366789,DROP dt=10 tau=3 V=14.4
DROP,366789,128,10087,3156,5847,94,30,144,2,1657,3926,3552
EVT,369734,DROP dt=10 tau=3 V=13.7
DROP,369734,129,10028,3086,5838,95,30,137,2,1657,3929,3549
EVT,372688,DROP dt=10 tau=3 V=13.3
DROP,372687,130,10048,3057,5813,95,29,133,2,1657,3930,3544
EVT,375647,DROP dt=10 tau=3 V=14.5
DROP,375647,131,10093,3160,5846,94,30,145,2,1657,3926,3552
EVT,378627,DROP dt=10 tau=3 V=14.8
DROP,378627,132,10120,3194,5732,94,30,148,2,1657,3928,3560
EVT,381595,DROP dt=10 tau=3 V=14.5
DROP,381594,133,10126,3172,5821,94,30,145,2,1657,3926,3544
EVT,384578,DROP dt=10 tau=3 V=14.5
DROP,384577,134,10091,3158,5851,94,30,145,2,1657,3926,3552
EVT,387548,DROP dt=10 tau=3 V=14.4
DROP,387547,135,10110,3158,5834,94,30,144,2,1657,3925,3547
EVT,390530,DROP dt=10 tau=3 V=14.6
DROP,390530,136,10093,3172,5855,94,30,146,2,1657,3928,3552
EVT,393520,DROP dt=10 tau=3 V=14.3
DROP,393519,137,10053,3135,5823,95,30,143,2,1657,3929,3544
EVT,396496,DROP dt=10 tau=3 V=13.8
DROP,396496,138,10020,3087,5856,95,30,138,2,1657,3929,3552
EVT,399483,DROP dt=10 tau=3 V=14.4
DROP,399483,139,10092,3158,5846,94,30,144,2,1657,3926,3552
EVT,402467,DROP dt=10 tau=3 V=14.1
DROP,402467,140,10072,3129,5862,94,30,141,2,1657,3929,3554
EVT,405458,DROP dt=10 tau=3 V=14.5
DROP,405458,141,10051,3145,5854,95,30,145,2,1657,3928,3544
EVT,408441,DROP dt=10 tau=3 V=14.5
DROP,408441,142,10092,3160,5849,94,30,145,2,1657,3925,3552
EVT,411439,DROP dt=10 tau=3 V=15.0
DROP,411439,143,10077,3192,5846,94,31,150,2,1657,3928,3552
EVT,414434,DROP dt=10 tau=3 V=15.1
DROP,414434,144,10076,3196,5846,94,31,151,2,1657,3928,3554
EVT,417418,DROP dt=10 tau=3 V=13.8
DROP,417418,145,10014,3084,5850,95,30,138,2,1657,3929,3552
EVT,420437,DROP dt=10 tau=3 V=15.5
DROP,420437,146,10194,3269,5775,93,31,155,2,1657,3925,3556
EVT,423441,DROP dt=10 tau=3 V=14.3
DROP,423441,147,10040,3130,5839,95,30,143,2,1657,3929,3547
EVT,426447,DROP dt=10 tau=3 V=13.5
DROP,426446,148,10013,3066,5834,95,30,135,2,1657,3930,3552
EVT,429459,DROP dt=10 tau=3 V=13.2
DROP,429459,149,10021,3041,5824,95,29,132,2,1657,3929,3552
EVT,432455,DROP dt=10 tau=3 V=14.5
DROP,432455,150,10092,3160,5852,94,30,145,2,1657,3925,3552
EVT,435457,DROP dt=10 tau=3 V=13.5
DROP,435456,151,10021,3063,5850,95,30,135,2,1657,3929,3552
EVT,438464,DROP dt=10 tau=3 V=14.1
DROP,438464,152,10089,3129,5856,94,30,141,2,1491,3926,3553
EVT,441481,DROP dt=10 tau=3 V=14.0
DROP,441481,153,10053,3109,5825,95,30,140,2,1491,3929,3544
EVT,444508,DROP dt=10 tau=3 V=14.2
DROP,444508,154,10117,3148,5826,94,30,142,2,1491,3925,3546
EVT,447544,DROP dt=10 tau=3 V=14.5
DROP,447544,155,10097,3160,5849,94,30,145,2,1491,3927,3552
EVT,450563,DROP dt=10 tau=3 V=14.5
DROP,450563,156,10090,3158,5846,94,30,145,2,1491,3925,3553
EVT,453585,DROP dt=10 tau=3 V=14.0
DROP,453584,157,10052,3109,5864,95,30,140,2,1491,3928,3544
EVT,456594,DROP dt=10 tau=3 V=15.7
DROP,456594,158,10166,3268,5833,93,31,157,2,1491,3922,3547
EVT,459593,DROP dt=10 tau=3 V=14.5
DROP,459593,159,10115,3170,5828,94,30,145,2,1491,3925,3546
EVT,462574,DROP dt=10 tau=3 V=15.2
DROP,462573,160,10045,3196,5863,95,31,152,2,1491,3928,3543
EVT,465598,DROP dt=10 tau=3 V=14.3
DROP,465597,161,10049,3130,5863,95,30,143,2,1491,3928,3544
EVT,468601,DROP dt=10 tau=3 V=14.3
DROP,468601,162,10136,3160,5773,94,30,143,2,1491,3928,3560
EVT,471616,DROP dt=10 tau=3 V=14.3
DROP,471616,163,10125,3159,5823,94,30,143,2,1491,3926,3544
EVT,474651,DROP dt=10 tau=3 V=14.2
DROP,474651,164,10094,3141,5822,94,30,142,2,1491,3925,3552
EVT,477690,DROP dt=10 tau=3 V=14.5
DROP,477690,165,10116,3171,5829,94,30,145,2,1491,3925,3546
EVT,480732,DROP dt=10 tau=3 V=15.0
DROP,480732,166,10079,3196,5855,94,31,150,2,1491,3928,3552
EVT,483758,DROP dt=10 tau=3 V=14.3
DROP,483757,167,10084,3145,5850,94,30,143,2,1491,3928,3554
EVT,486783,DROP dt=10 tau=3 V=13.8
DROP,486782,168,10058,3098,5817,94,30,138,2,1491,3928,3543
EVT,489828,DROP dt=10 tau=3 V=14.0
DROP,489828,169,10021,3105,5855,95,30,140,2,1491,3928,3552
EVT,492884,DROP dt=10 tau=3 V=13.9
DROP,492884,170,10040,3099,5838,95,30,139,2,1491,3930,3546
EVT,495933,DROP dt=10 tau=3 V=14.5
DROP,495932,171,10089,3159,5856,94,30,145,2,1491,3928,3554
EVT,498979,DROP dt=10 tau=3 V=14.3
DROP,498979,172,10044,3128,5830,95,30,143,2,1491,3928,3546
EVT,502027,DROP dt=10 tau=3 V=14.3
DROP,502027,173,10043,3130,5882,95,30,143,2,1491,3928,3546
EVT,505058,DROP dt=10 tau=3 V=14.2
DROP,505058,174,10091,3140,5846,94,30,142,2,1491,3928,3552
EVT,508109,DROP dt=10 tau=3 V=13.8
DROP,508109,175,10053,3100,5860,95,30,138,2,1491,3930,3544
EVT,511158,DROP dt=10 tau=3 V=14.7
DROP,511158,176,10052,3159,5878,95,30,147,2,1491,3928,3544
EVT,514202,DROP dt=10 tau=3 V=14.2
DROP,514202,177,10089,3136,5857,94,30,142,2,1491,3927,3554
EVT,517251,DROP dt=10 tau=3 V=14.5
DROP,517251,178,10094,3160,5852,94,30,145,2,1491,3926,3552
EVT,520284,DROP dt=10 tau=3 V=13.9
DROP,520283,179,10041,3100,5834,95,30,139,2,1491,3929,3546
EVT,523335,DROP dt=10 tau=3 V=14.0
DROP,523335,180,10020,3100,5855,95,30,140,2,1491,3929,3552
EVT,526399,DROP dt=10 tau=3 V=14.7
DROP,526399,181,10041,3158,5894,95,30,147,2,1491,3928,3546
EVT,529462,DROP dt=10 tau=3 V=13.8
DROP,529462,182,10055,3100,5825,95,30,138,2,1491,3928,3544
EVT,532543,DROP dt=10 tau=3 V=14.7
DROP,532543,183,10090,3172,5858,94,30,147,2,1491,3927,3554
EVT,535611,DROP dt=10 tau=3 V=13.9
DROP,535611,184,10020,3093,5852,95,30,139,2,1491,3930,3552
EVT,538683,DROP dt=10 tau=3 V=14.5
DROP,538683,185,10203,3202,5797,93,30,145,2,1491,3923,3557
EVT,541736,DROP dt=10 tau=3 V=14.5
DROP,541736,186,10194,3196,5646,93,30,145,2,1491,3929,3555
EVT,544830,DROP dt=10 tau=3 V=14.6
DROP,544830,187,10180,3201,5692,93,30,146,2,1491,3925,3547
EVT,547915,DROP dt=10 tau=3 V=13.4
DROP,547915,188,10111,3086,5691,94,29,134,2,1491,3928,3547
EVT,550981,DROP dt=10 tau=3 V=13.6
DROP,550980,189,10124,3108,5678,94,30,136,2,1491,3928,3544
EVT,554056,DROP dt=10 tau=3 V=14.0
DROP,554056,190,10237,3170,5636,93,30,140,2,1491,3925,3552
EVT,557125,DROP dt=10 tau=3 V=14.3
DROP,557124,191,10167,3171,5695,93,30,143,2,1491,3925,3552
EVT,560186,DROP dt=10 tau=3 V=14.4
DROP,560186,192,10219,3194,5616,93,30,144,2,1491,3928,3554
EVT,563261,DROP dt=10 tau=3 V=14.0
DROP,563261,193,10125,3138,5730,94,30,140,2,1491,3925,3544
EVT,566355,DROP dt=9 tau=3 V=15.8
DROP,566355,194,9936,3196,5888,96,31,158,2,1491,3927,3552
EVT,569437,DROP dt=10 tau=3 V=15.3
DROP,569437,195,10027,3196,5828,95,31,153,2,1491,3928,3546
EVT,572529,DROP dt=9 tau=3 V=14.9
DROP,572529,196,9960,3146,5902,96,31,149,2,1491,3925,3547
EVT,575611,DROP dt=9 tau=2 V=12.7
DROP,575611,197,9995,2995,5719,95,29,127,2,1491,3928,3554
EVT,578694,DROP dt=9 tau=3 V=14.3
DROP,578693,198,9980,3109,5860,95,30,143,2,1491,3928,3544
EVT,581813,DROP dt=10 tau=3 V=15.4
DROP,581813,199,10009,3195,5841,95,31,154,2,1491,3928,3552
EVT,603586,DROP dt=10 tau=3 V=17.5
DROP,603586,200,10033,3342,6408,95,32,175,2,497,3928,3544
EVT,650358,DROP dt=10 tau=3 V=16.7
DROP,650358,201,10266,3376,5826,92,32,167,2,0,3923,3545
EVT,653493,DROP dt=10 tau=3 V=16.8
DROP,653493,202,10095,3317,5883,94,32,168,2,166,3930,3552
EVT,656633,DROP dt=10 tau=3 V=17.1
DROP,656633,203,10351,3426,5799,92,32,171,2,331,3925,3555
EVT,659769,DROP dt=10 tau=3 V=16.1
DROP,659769,204,10184,3303,5907,93,31,161,2,497,3928,3547
EVT,662910,DROP dt=10 tau=3 V=18.5
DROP,662909,205,10366,3524,5871,91,33,185,2,663,3923,3558
EVT,666067,DROP dt=10 tau=3 V=20.1
DROP,666067,206,10387,3631,5909,91,34,201,2,829,3923,3547
EVT,669230,DROP dt=10 tau=3 V=18.4
DROP,669230,207,10339,3505,6046,92,33,184,2,994,3923,3545
EVT,672390,DROP dt=10 tau=3 V=19.8
DROP,672389,208,10442,3631,6071,91,34,198,2,1160,3923,3553
EVT,675551,DROP dt=10 tau=3 V=19.5
DROP,675551,209,10296,3560,6004,92,33,195,2,1326,3928,3553
EVT,678702,DROP dt=10 tau=3 V=18.8
DROP,678702,210,10311,3524,6072,92,33,188,2,1491,3925,3552
EVT,681866,DROP dt=10 tau=3 V=17.8
DROP,681866,211,10281,3452,6086,92,32,178,2,1491,3926,3558
