EVT,2302705,DROP dt=12 tau=3 V=7.7
DROP,2302705,668,12548,3254,8441,74,24,77,2,0,3930,3434
EVT,2303344,DROP dt=7 tau=2 V=12.1
DROP,2303343,669,7902,2302,7130,123,28,121,2,10,3936,3435
EVT,2304000,DROP dt=12 tau=1 V=1.1
DROP,2304000,670,12223,1679,7117,76,13,11,2,20,3929,3434
EVT,2304648,DROP dt=12 tau=2 V=1.8
DROP,2304648,671,12701,2049,3766,73,15,18,2,30,3930,3438
EVT,2305306,DROP dt=12 tau=2 V=3.0
DROP,2305306,672,12280,2335,7576,75,18,30,2,41,3930,3435
EVT,2305971,DROP dt=12 tau=2 V=2.6
DROP,2305971,673,12247,2217,7504,76,17,26,2,51,3936,3438
EVT,2306624,DROP dt=13 tau=3 V=5.5
DROP,2306624,674,13136,3084,3807,70,22,55,2,61,3930,3448
EVT,2307296,DROP dt=11 tau=2 V=3.1
DROP,2307295,675,11966,2297,8153,78,18,31,2,71,3930,3436
EVT,2307951,DROP dt=12 tau=2 V=2.2
DROP,2307951,676,12299,2106,7550,75,16,22,2,81,3929,3434
EVT,2312633,DROP dt=12 tau=1 V=1.6
DROP,2312633,677,12183,1877,8074,76,14,16,2,91,3936,3435
EVT,2313310,DROP dt=12 tau=7 V=104.5
DROP,2313310,678,12924,7806,7848,71,58,1045,2,101,3936,3434
EVT,2315334,DROP dt=12 tau=1 V=0.7
DROP,2315333,679,12456,1460,7470,74,11,7,2,111,3931,3431
EVT,2316013,DROP dt=12 tau=1 V=0.8
DROP,2316013,680,12401,1504,7414,75,11,8,2,122,3930,3435
EVT,2316690,DROP dt=12 tau=1 V=0.4
DROP,2316690,681,12344,1225,7399,75,9,4,2,132,3936,3433
EVT,2317367,DROP dt=12 tau=1 V=0.5
DROP,2317367,682,12461,1317,7398,74,10,5,2,142,3930,3433
EVT,2318049,DROP dt=12 tau=1 V=0.9
DROP,2318049,683,12320,1576,7575,75,12,9,2,152,3932,3435
EVT,2318730,DROP dt=12 tau=1 V=0.5
DROP,2318730,684,12350,1296,7543,75,10,5,2,162,3930,3432
EVT,2319408,DROP dt=12 tau=1 V=0.7
DROP,2319408,685,12582,1474,7497,73,11,7,2,172,3930,3437
EVT,2320087,DROP dt=12 tau=1 V=0.8
DROP,2320087,686,12579,1523,7559,73,11,8,2,182,3930,3432
EVT,2320775,DROP dt=12 tau=1 V=0.9
DROP,2320775,687,12524,1627,7413,74,12,9,2,193,3930,3433
EVT,2321458,DROP dt=12 tau=1 V=0.6
DROP,2321457,688,12426,1377,7355,74,10,6,2,203,3930,3434
EVT,2322144,DROP dt=12 tau=1 V=0.9
DROP,2322144,689,12640,1606,7443,73,12,9,2,213,3930,3429
EVT,2322828,DROP dt=12 tau=1 V=0.6
DROP,2322828,690,12415,1363,7402,74,10,6,2,223,3931,3433
EVT,2324191,DROP dt=12 tau=1 V=0.4
DROP,2324191,691,12465,1224,7354,74,9,4,2,233,3932,3439
EVT,2325560,DROP dt=12 tau=1 V=0.4
DROP,2325559,692,12171,1184,8513,76,9,4,2,243,3930,3434
EVT,2326946,DROP dt=12 tau=1 V=0.7
DROP,2326946,693,12256,1428,7634,76,11,7,2,253,3930,3435
EVT,2327641,DROP dt=12 tau=1 V=0.9
DROP,2327641,694,12289,1559,7626,75,12,9,2,263,3930,3434
EVT,2328325,DROP dt=12 tau=1 V=0.3
DROP,2328325,695,12283,1043,7535,75,8,3,2,274,3929,3435
EVT,2329012,DROP dt=12 tau=1 V=0.4
DROP,2329012,696,12292,1175,7480,75,9,4,2,284,3930,3434
EVT,2329704,DROP dt=12 tau=1 V=0.4
DROP,2329704,697,12394,1224,7495,75,9,4,2,294,3931,3438
EVT,2330397,DROP dt=12 tau=1 V=0.5
DROP,2330396,698,12417,1321,7478,74,10,5,2,304,3930,3430
EVT,2331090,DROP dt=12 tau=1 V=0.6
DROP,2331089,699,12522,1391,7472,74,10,6,2,314,3930,3433
EVT,2331784,DROP dt=12 tau=1 V=0.6
DROP,2331784,700,12354,1388,7432,75,10,6,2,324,3929,3438
EVT,2332482,DROP dt=12 tau=1 V=0.6
DROP,2332482,701,12370,1414,7400,75,11,6,2,324,3929,3431
EVT,2333179,DROP dt=12 tau=1 V=0.5
DROP,2333179,702,12299,1313,7471,75,10,5,2,324,3930,3432
EVT,2333878,DROP dt=12 tau=1 V=0.4
DROP,2333878,703,12184,1203,7349,76,9,4,2,324,3936,3434
EVT,2334572,DROP dt=12 tau=1 V=0.5
DROP,2334572,704,12402,1295,7433,75,10,5,2,324,3931,3434
EVT,2335268,DROP dt=12 tau=1 V=0.4
DROP,2335267,705,12356,1172,7357,75,9,4,2,324,3930,3437
EVT,2335965,DROP dt=12 tau=1 V=0.3
DROP,2335965,706,12267,1058,7339,76,8,3,2,324,3936,3435
EVT,2336660,DROP dt=12 tau=1 V=0.3
DROP,2336660,707,12308,1078,7366,75,8,3,2,324,3936,3429
EVT,2337360,DROP dt=12 tau=1 V=0.3
DROP,2337359,708,12331,1144,7272,75,9,3,2,324,3936,3434
EVT,2338066,DROP dt=12 tau=1 V=0.5
DROP,2338066,709,12390,1339,7308,75,10,5,2,324,3931,3433
EVT,2338769,DROP dt=12 tau=1 V=0.6
DROP,2338768,710,12392,1418,7218,75,11,6,2,324,3936,3438
EVT,2339467,DROP dt=12 tau=1 V=0.4
DROP,2339467,711,12399,1260,7470,75,9,4,2,324,3930,3431
EVT,2340167,DROP dt=12 tau=1 V=0.3
DROP,2340167,712,12322,1078,7428,75,8,3,2,324,3936,3435
EVT,2340872,DROP dt=12 tau=1 V=0.5
DROP,2340872,713,12348,1267,7326,75,10,5,2,324,3929,3432
EVT,2343693,DROP dt=12 tau=1 V=0.4
DROP,2343693,714,12295,1162,7564,75,9,4,2,324,3930,3435
EVT,2344407,DROP dt=12 tau=1 V=0.4
DROP,2344407,715,12257,1223,7493,76,9,4,2,324,3936,3435
EVT,2347948,DROP dt=11 tau=1 V=0.5
DROP,2347948,716,11759,1240,5403,79,10,5,2,324,3929,3439
EVT,2348663,DROP dt=13 tau=1 V=0.3
DROP,2348662,717,13220,1147,5535,69,8,3,2,324,3930,3439
EVT,2349373,DROP dt=12 tau=1 V=0.4
DROP,2349372,718,12321,1156,7658,75,9,4,2,324,3929,3430
EVT,2350287,DROP dt=12 tau=1 V=0.3
DROP,2350287,719,12203,1108,211700,76,8,3,2,324,3931,3435
EVT,2350791,DROP dt=12 tau=0 V=0.2
DROP,2350791,720,12668,982,7154,73,7,2,2,324,3931,3429
EVT,2351505,DROP dt=12 tau=1 V=0.3
DROP,2351505,721,12326,1076,7440,75,8,3,2,324,3936,3432
EVT,2352221,DROP dt=12 tau=0 V=0.2
DROP,2352221,722,12199,983,7471,76,8,2,2,324,3931,3432
EVT,2353643,DROP dt=12 tau=1 V=0.3
DROP,2353643,723,12434,1154,7413,74,9,3,2,324,3930,3434
EVT,2355791,DROP dt=12 tau=1 V=0.4
DROP,2355791,724,12352,1202,7275,75,9,4,2,314,3929,3434
EVT,2357221,DROP dt=12 tau=1 V=0.3
DROP,2357221,725,12325,1038,7316,75,8,3,2,314,3930,3432
EVT,2357944,DROP dt=12 tau=1 V=0.4
DROP,2357943,726,12294,1205,7325,75,9,4,2,314,3929,3432
EVT,2366572,DROP dt=13 tau=9 V=144.1
DROP,2366572,727,13457,9018,8033,68,65,1441,2,203,3932,3429
EVT,2367295,DROP dt=13 tau=6 V=63.5
DROP,2367295,728,13473,6970,8048,68,50,635,2,203,3929,3430
EVT,2369478,DROP dt=12 tau=2 V=2.7
DROP,2369478,729,12980,2403,7683,71,17,27,2,172,3930,3430
EVT,2370933,DROP_REJECT,reason=v_low,dt_us=742440,tau_us=2122,v_mmps_tenths=-36282,d_mm_tenths=-77,V_uL_tenths=-2369
EVT,2373135,DROP dt=11 tau=1 V=0.3
DROP,2373135,730,11757,1028,7449,79,8,3,2,162,3929,3429
EVT,2401285,DROP dt=12 tau=1 V=0.3
DROP,2401284,731,12791,1093,4679,72,8,3,2,10,3930,3446
EVT,2402044,DROP dt=12 tau=1 V=0.2
DROP,2402043,732,12689,1057,5488,73,8,2,2,20,3936,3445
EVT,2402798,DROP dt=12 tau=1 V=0.3
DROP,2402798,733,12286,1093,7780,75,8,3,2,30,3930,3434
EVT,2463570,DROP_REJECT,reason=v_low,dt_us=1720858,tau_us=879,v_mmps_tenths=-84350,d_mm_tenths=-74,V_uL_tenths=-2131
