EVT,68939,DROP dt=9 tau=2 V=37.5
DROP,68938,12,9408,2234,5175,102,38,375,2,547,3906,3495
EVT,72696,DROP dt=9 tau=2 V=37.4
DROP,72696,13,9406,2233,5169,102,38,374,2,1095,3905,3496
EVT,76453,DROP dt=9 tau=2 V=37.2
DROP,76453,14,9435,2240,5172,101,38,372,2,1642,3905,3491
EVT,80221,DROP dt=9 tau=2 V=37.4
DROP,80221,15,9400,2214,5184,102,38,374,2,2189,3904,3494
EVT,84023,DROP dt=9 tau=2 V=37.5
DROP,84023,16,9389,2219,5179,102,38,375,2,2737,3905,3499
EVT,87808,DROP dt=9 tau=2 V=38.0
DROP,87808,17,9355,2200,5201,102,39,380,2,3284,3906,3491
EVT,91564,DROP dt=9 tau=2 V=38.9
DROP,91564,18,9392,2305,5181,102,39,389,2,3831,3906,3500
EVT,95358,DROP dt=9 tau=2 V=37.9
DROP,95358,19,9344,2184,5201,102,38,379,2,3831,3906,3498
EVT,99101,DROP dt=9 tau=2 V=37.9
DROP,99101,20,9395,2228,5196,102,38,379,2,3831,3905,3497
EVT,102853,DROP dt=9 tau=2 V=37.4
DROP,102853,21,9410,2226,5183,102,38,374,2,3831,3905,3496
EVT,106652,DROP dt=9 tau=2 V=38.8
DROP,106651,22,9316,2180,5236,103,39,388,2,3831,3906,3488
EVT,110469,DROP dt=9 tau=2 V=38.0
DROP,110468,23,9354,2196,5201,102,39,380,2,3831,3904,3488
EVT,114285,DROP dt=9 tau=2 V=37.9
DROP,114285,24,9370,2212,5193,102,38,379,2,3831,3905,3488
EVT,118095,DROP dt=9 tau=2 V=38.4
DROP,118095,25,9372,2223,5213,102,39,384,2,3831,3906,3490
EVT,121887,DROP dt=9 tau=2 V=37.9
DROP,121887,26,9374,2212,5194,102,38,379,2,3831,3904,3501
EVT,125682,DROP dt=9 tau=2 V=39.0
DROP,125681,27,9296,2171,5241,103,39,390,2,3831,3906,3488
EVT,129477,DROP dt=9 tau=2 V=38.0
DROP,129477,28,9377,2221,5199,102,39,380,2,3831,3906,3490
EVT,133284,DROP dt=9 tau=2 V=38.5
DROP,133284,29,9312,2180,5216,103,39,385,2,3831,3906,3491
EVT,137085,DROP dt=9 tau=2 V=39.2
DROP,137085,30,9308,2185,5253,103,39,392,2,3831,3906,3491
EVT,140886,DROP dt=9 tau=2 V=37.7
DROP,140885,31,9316,2148,5202,103,38,377,2,3831,3905,3498
EVT,144714,DROP dt=9 tau=2 V=37.8
DROP,144714,32,9368,2196,5203,102,38,378,2,3831,3905,3490
EVT,148531,DROP dt=9 tau=2 V=36.8
DROP,148530,33,9384,2184,5162,102,38,368,2,3831,3906,3488
EVT,152313,DROP dt=9 tau=2 V=38.9
DROP,152313,34,9308,2179,5236,103,39,389,2,3831,3906,3488
EVT,156134,DROP dt=9 tau=2 V=39.6
DROP,156134,35,9287,2173,5270,103,39,396,2,3831,3906,3490
EVT,159974,DROP dt=9 tau=2 V=38.8
DROP,159974,36,9293,2171,5230,103,39,388,2,3831,3909,3496
EVT,163805,DROP dt=9 tau=2 V=38.8
DROP,163805,37,9293,2169,5230,103,39,388,2,3831,3909,3496
EVT,167675,DROP dt=9 tau=2 V=38.3
DROP,167675,38,9358,2174,5248,102,39,383,2,3831,3906,3491
EVT,171529,DROP dt=9 tau=2 V=39.5
DROP,171529,39,9305,2244,5206,103,39,395,2,3831,3906,3489
EVT,175387,DROP dt=9 tau=2 V=39.4
DROP,175387,40,9239,2138,5255,104,39,394,2,3831,3906,3502
EVT,179249,DROP dt=9 tau=2 V=37.9
DROP,179248,41,9243,2090,5208,104,38,379,2,3831,3907,3492
EVT,183050,DROP dt=9 tau=2 V=38.1
DROP,183050,42,9365,2213,5201,102,39,381,2,3831,3906,3490
EVT,186900,DROP dt=9 tau=2 V=30.1
DROP,186900,43,9578,2182,4843,100,36,301,2,3831,3907,3494
EVT,190746,DROP dt=9 tau=2 V=37.7
DROP,190746,44,9214,2057,5204,104,38,377,2,3831,3909,3498
EVT,194588,DROP dt=9 tau=2 V=38.5
DROP,194588,45,9337,2195,5219,103,39,385,2,3831,3904,3493
EVT,198454,DROP dt=9 tau=2 V=39.0
DROP,198454,46,9303,2174,5244,103,39,390,2,3831,3905,3488
EVT,202315,DROP dt=9 tau=2 V=38.9
DROP,202315,47,9278,2158,5236,103,39,389,2,3831,3907,3499
EVT,206152,DROP dt=9 tau=2 V=38.6
DROP,206151,48,9256,2118,5234,103,39,386,2,3831,3905,3488
EVT,210039,DROP dt=9 tau=2 V=38.6
DROP,210039,49,9302,2174,5216,103,39,386,2,3831,3905,3491
EVT,213900,DROP dt=9 tau=2 V=39.6
DROP,213900,50,9234,2181,5215,104,39,396,2,3831,3907,3490
EVT,217784,DROP dt=9 tau=2 V=39.0
DROP,217783,51,9306,2179,5240,103,39,390,2,3831,3904,3498
EVT,221675,DROP dt=9 tau=2 V=38.7
DROP,221675,52,9210,2083,5237,104,39,387,2,3831,3907,3498
EVT,225544,DROP dt=9 tau=2 V=39.0
DROP,225544,53,9185,2059,5262,104,39,390,2,3831,3907,3488
EVT,229418,DROP dt=9 tau=2 V=39.3
DROP,229418,54,9282,2167,5254,103,39,393,2,3831,3905,3492
EVT,233313,DROP dt=9 tau=2 V=38.9
DROP,233313,55,9288,2153,5250,103,39,389,2,3831,3906,3490
EVT,237194,DROP dt=9 tau=2 V=39.1
DROP,237193,56,9300,2194,5226,103,39,391,2,3831,3904,3499
EVT,241065,DROP dt=9 tau=2 V=39.5
DROP,241064,57,9271,2180,5240,103,39,395,2,3831,3906,3499
EVT,244915,DROP dt=9 tau=2 V=39.0
DROP,244915,58,9207,2096,5242,104,39,390,2,3831,3907,3502
EVT,248795,DROP dt=9 tau=2 V=38.6
DROP,248794,59,9317,2188,5215,103,39,386,2,3831,3907,3490
EVT,252707,DROP dt=9 tau=2 V=38.7
DROP,252707,60,9233,2114,5226,104,39,387,2,3831,3906,3494
EVT,256583,DROP dt=9 tau=2 V=38.9
DROP,256583,61,9277,2157,5235,103,39,389,2,3831,3906,3493
EVT,260480,DROP dt=9 tau=2 V=39.0
DROP,260480,62,9277,2161,5236,103,39,390,2,3831,3907,3493
EVT,264381,DROP dt=9 tau=2 V=40.3
DROP,264380,63,9282,2247,5233,103,39,403,2,3831,3907,3496
EVT,268266,DROP dt=9 tau=2 V=39.3
DROP,268265,64,9287,2183,5239,103,39,393,2,3831,3907,3496
EVT,272162,DROP dt=9 tau=2 V=38.9
DROP,272162,65,9278,2150,5239,103,39,389,2,3831,3907,3501
EVT,276102,DROP dt=9 tau=2 V=38.9
DROP,276102,66,9243,2113,5249,104,39,389,2,3831,3906,3490
EVT,280009,DROP dt=9 tau=2 V=39.0
DROP,280009,67,9316,2187,5243,103,39,390,2,3831,3907,3490
EVT,283905,DROP dt=9 tau=2 V=39.2
DROP,283904,68,9252,2148,5242,104,39,392,2,3831,3905,3497
EVT,287826,DROP dt=9 tau=2 V=39.5
DROP,287825,69,9206,2115,5252,104,39,395,2,3831,3906,3499
EVT,291728,DROP dt=9 tau=2 V=38.9
DROP,291727,70,9223,2113,5232,104,39,389,2,3831,3907,3496
EVT,295591,DROP dt=9 tau=2 V=40.0
DROP,295591,71,9289,2201,5268,103,39,400,2,3831,3905,3488
EVT,299502,DROP dt=9 tau=2 V=38.9
DROP,299502,72,9272,2147,5242,103,39,389,2,3831,3906,3498
EVT,303391,DROP dt=9 tau=2 V=39.1
DROP,303391,73,9284,2165,5242,103,39,391,2,3831,3904,3490
EVT,307317,DROP dt=9 tau=2 V=39.3
DROP,307316,74,9284,2168,5251,103,39,393,2,3831,3906,3495
EVT,311251,DROP dt=9 tau=2 V=38.9
DROP,311250,75,9265,2139,5243,103,39,389,2,3831,3904,3491
EVT,315151,DROP dt=9 tau=2 V=39.4
DROP,315151,76,9184,2081,5264,104,39,394,2,3831,3906,3488
EVT,319117,DROP dt=9 tau=2 V=38.9
DROP,319117,77,9298,2161,5250,103,39,389,2,3831,3904,3502
EVT,323011,DROP dt=9 tau=2 V=39.3
DROP,323011,78,9270,2168,5242,103,39,393,2,3831,3906,3498
EVT,326932,DROP dt=9 tau=2 V=39.5
DROP,326932,79,9278,2183,5247,103,39,395,2,3831,3907,3499
EVT,330889,DROP dt=9 tau=2 V=39.1
DROP,330888,80,9246,2125,5250,104,39,391,2,3831,3906,3488
EVT,334816,DROP dt=9 tau=2 V=39.3
DROP,334816,81,9253,2148,5245,104,39,393,2,3831,3907,3488
EVT,338732,DROP dt=9 tau=2 V=39.5
DROP,338731,82,9250,2154,5249,104,39,395,2,3831,3906,3488
EVT,342631,DROP dt=9 tau=2 V=39.1
DROP,342631,83,9220,2115,5238,104,39,391,2,3831,3907,3496
EVT,346559,DROP dt=9 tau=2 V=38.8
DROP,346559,84,9182,2060,5243,104,39,388,2,3831,3906,3488
EVT,350507,DROP dt=9 tau=2 V=39.5
DROP,350506,85,9182,2088,5258,104,39,395,2,3831,3907,3488
EVT,354441,DROP dt=9 tau=2 V=40.0
DROP,354441,86,9280,2196,5266,103,39,400,2,3831,3904,3488
EVT,358378,DROP dt=9 tau=2 V=39.9
DROP,358378,87,9252,2165,5268,104,39,399,2,3831,3907,3488
EVT,362308,DROP dt=9 tau=2 V=39.5
DROP,362308,88,9211,2115,5259,104,39,395,2,3831,3906,3498
EVT,366286,DROP dt=9 tau=2 V=38.9
DROP,366286,89,9283,2158,5238,103,39,389,2,3831,3904,3490
EVT,370253,DROP dt=9 tau=2 V=39.5
DROP,370253,90,9282,2177,5253,103,39,395,2,3831,3906,3494
EVT,374202,DROP dt=9 tau=2 V=39.7
DROP,374202,91,9184,2098,5266,104,39,397,2,3831,3909,3488
EVT,378128,DROP dt=9 tau=2 V=39.2
DROP,378128,92,9240,2126,5254,104,39,392,2,3831,3906,3490
EVT,382066,DROP dt=9 tau=2 V=39.0
DROP,382065,93,9318,2194,5238,103,39,390,2,3831,3906,3489
EVT,385810,DROP dt=9 tau=2 V=38.4
DROP,385810,94,9372,2235,5202,102,39,384,2,3831,3906,3488
EVT,389777,DROP dt=9 tau=2 V=39.0
DROP,389776,95,9327,2201,5235,103,39,390,2,3831,3906,3498
EVT,393753,DROP dt=9 tau=2 V=38.4
DROP,393753,96,9344,2196,5221,102,39,384,2,3831,3906,3499
EVT,397714,DROP dt=9 tau=2 V=39.3
DROP,397713,97,9345,2232,5239,102,39,393,2,3831,3906,3501
EVT,401671,DROP dt=9 tau=2 V=38.3
DROP,401670,98,9198,2059,5230,104,39,383,2,3831,3912,3500
EVT,405616,DROP dt=9 tau=2 V=38.6
DROP,405615,99,9306,2180,5217,103,39,386,2,3831,3906,3491
EVT,409593,DROP dt=9 tau=2 V=39.1
DROP,409593,100,9324,2199,5244,103,39,391,2,3831,3907,3488
EVT,413531,DROP dt=9 tau=2 V=39.9
DROP,413531,101,9289,2201,5264,103,39,399,2,3831,3905,3488
EVT,417497,DROP dt=9 tau=2 V=39.0
DROP,417497,102,9326,2201,5239,103,39,390,2,3831,3906,3498
EVT,421458,DROP dt=9 tau=2 V=39.4
DROP,421457,103,9231,2126,5255,104,39,394,2,3831,3906,3503
EVT,425413,DROP dt=9 tau=2 V=39.0
DROP,425413,104,9273,2162,5230,103,39,390,2,3831,3906,3495
EVT,429367,DROP dt=9 tau=2 V=39.2
DROP,429367,105,9180,2059,5267,104,39,392,2,3831,3907,3488
EVT,433348,DROP dt=9 tau=2 V=39.2
DROP,433347,106,9270,2149,5258,103,39,392,2,3831,3904,3491
EVT,437320,DROP dt=9 tau=2 V=39.3
DROP,437320,107,9282,2179,5242,103,39,393,2,3831,3906,3497
EVT,441312,DROP dt=9 tau=2 V=40.2
DROP,441311,108,9349,2264,5266,102,39,402,2,3831,3904,3489
EVT,445301,DROP dt=9 tau=2 V=39.6
DROP,445301,109,9269,2178,5248,103,39,396,2,3831,3906,3498
EVT,449262,DROP dt=9 tau=2 V=39.8
DROP,449261,110,9278,2188,5256,103,39,398,2,3831,3904,3489
EVT,453231,DROP dt=9 tau=2 V=39.7
DROP,453230,111,9306,2210,5254,103,39,397,2,3831,3904,3499
EVT,457208,DROP dt=9 tau=2 V=40.0
DROP,457208,112,9279,2197,5265,103,39,400,2,3831,3904,3489
EVT,461175,DROP dt=9 tau=2 V=39.4
DROP,461174,113,9275,2168,5250,103,39,394,2,3831,3906,3498
EVT,465144,DROP dt=9 tau=2 V=40.1
DROP,465143,114,9185,2115,5272,104,39,401,2,3831,3906,3488
EVT,469136,DROP dt=9 tau=2 V=39.7
DROP,469135,115,9252,2148,5270,104,39,397,2,3831,3905,3496
EVT,473149,DROP dt=9 tau=2 V=40.0
DROP,473149,116,9282,2189,5274,103,39,400,2,3831,3905,3490
EVT,477112,DROP dt=9 tau=2 V=39.9
DROP,477112,117,9280,2185,5270,103,39,399,2,3831,3906,3498
EVT,481099,DROP dt=9 tau=2 V=39.7
DROP,481099,118,9290,2184,5265,103,39,397,2,3831,3906,3496
EVT,485045,DROP dt=9 tau=2 V=39.6
DROP,485044,119,9264,2167,5253,103,39,396,2,3831,3906,3498
EVT,489038,DROP dt=9 tau=2 V=39.6
DROP,489038,120,9262,2172,5249,103,39,396,2,3831,3907,3501
EVT,493044,DROP dt=9 tau=2 V=39.0
DROP,493044,121,9184,2058,5262,104,39,390,2,3831,3907,3488
EVT,497033,DROP dt=9 tau=2 V=39.3
DROP,497033,122,9283,2168,5255,103,39,393,2,3831,3905,3496
EVT,501018,DROP dt=9 tau=2 V=39.4
DROP,501018,123,9279,2167,5255,103,39,394,2,3831,3904,3494
EVT,505039,DROP dt=9 tau=2 V=41.1
DROP,505039,124,9189,2126,5325,104,40,411,2,3831,3906,3503
EVT,509025,DROP dt=9 tau=2 V=41.4
DROP,509025,125,9252,2163,5359,104,40,414,2,3831,3906,3499
EVT,513034,DROP dt=9 tau=2 V=39.2
DROP,513034,126,9146,2042,5259,105,39,392,2,3831,3910,3496
EVT,517047,DROP dt=9 tau=2 V=40.0
DROP,517047,127,9250,2167,5272,104,39,400,2,3831,3907,3489
EVT,521028,DROP dt=9 tau=2 V=40.4
DROP,521028,128,9158,2094,5290,105,39,404,2,3831,3906,3497
EVT,525039,DROP dt=9 tau=2 V=34.6
DROP,525039,129,9416,2152,5072,102,37,346,2,3831,3904,3490
EVT,529051,DROP dt=9 tau=2 V=39.2
DROP,529051,130,9279,2165,5243,103,39,392,2,3831,3907,3498
EVT,533062,DROP dt=9 tau=2 V=38.7
DROP,533062,131,9291,2167,5223,103,39,387,2,3831,3906,3491
EVT,537104,DROP dt=9 tau=2 V=39.7
DROP,537104,132,9250,2149,5266,104,39,397,2,3831,3906,3488
EVT,541129,DROP dt=9 tau=2 V=38.8
DROP,541128,133,9182,2059,5243,104,39,388,2,3831,3908,3488
EVT,545123,DROP dt=9 tau=2 V=40.1
DROP,545122,134,9175,2097,5283,104,39,401,2,3831,3906,3490
EVT,549140,DROP dt=9 tau=2 V=42.5
DROP,549140,135,9242,2223,5356,104,40,425,2,3831,3906,3498
EVT,553185,DROP dt=9 tau=2 V=38.9
DROP,553185,136,9321,2193,5236,103,39,389,2,3831,3906,3488
EVT,557199,DROP dt=9 tau=2 V=38.7
DROP,557199,137,9173,2042,5250,105,39,387,2,3831,3909,3490
EVT,561207,DROP dt=9 tau=2 V=41.2
DROP,561207,138,9231,2180,5315,104,40,412,2,3831,3906,3494
EVT,565235,DROP dt=9 tau=2 V=41.0
DROP,565235,139,9107,2047,5328,105,40,410,2,3831,3907,3489
EVT,569257,DROP dt=9 tau=2 V=41.5
DROP,569257,140,9200,2162,5322,104,40,415,2,3831,3906,3498
EVT,573281,DROP dt=9 tau=2 V=38.9
DROP,573280,141,9211,2098,5238,104,39,389,2,3831,3906,3498
EVT,577313,DROP dt=9 tau=2 V=39.4
DROP,577313,142,9254,2160,5243,104,39,394,2,3831,3907,3499
EVT,581348,DROP dt=9 tau=2 V=40.4
DROP,581347,143,9241,2167,5284,104,39,404,2,3831,3905,3502
EVT,585377,DROP dt=9 tau=2 V=40.9
DROP,585377,144,9217,2154,5310,104,39,409,2,3831,3905,3488
EVT,589442,DROP dt=9 tau=2 V=39.6
DROP,589442,145,9280,2175,5264,103,39,396,2,3831,3906,3495
EVT,593463,DROP dt=9 tau=2 V=39.6
DROP,593463,146,9263,2156,5267,103,39,396,2,3831,3904,3494
EVT,597517,DROP dt=9 tau=2 V=38.3
DROP,597517,147,9316,2184,5200,103,39,383,2,3831,3907,3490
EVT,601576,DROP dt=9 tau=2 V=39.6
DROP,601576,148,9276,2184,5248,103,39,396,2,3831,3906,3499
EVT,605616,DROP dt=9 tau=2 V=40.3
DROP,605616,149,9274,2153,5320,103,39,403,2,3831,3905,3491
EVT,609618,DROP dt=9 tau=2 V=40.7
DROP,609618,150,9217,2157,5296,104,39,407,2,3831,3906,3490
EVT,613636,DROP dt=9 tau=2 V=40.1
DROP,613636,151,9247,2152,5284,104,39,401,2,3831,3905,3497
EVT,617666,DROP dt=9 tau=2 V=38.3
DROP,617665,152,9221,2079,5226,104,39,383,2,3831,3905,3495
EVT,621712,DROP dt=9 tau=2 V=38.2
DROP,621712,153,9306,2179,5194,103,39,382,2,3831,3906,3491
EVT,625757,DROP dt=9 tau=2 V=40.5
DROP,625757,154,9205,2181,5246,104,39,405,2,3831,3906,3497
EVT,629821,DROP dt=9 tau=2 V=39.7
DROP,629821,155,9242,2147,5265,104,39,397,2,3831,3904,3496
EVT,633893,DROP dt=9 tau=2 V=39.8
DROP,633893,156,9254,2166,5259,104,39,398,2,3831,3907,3501
EVT,637948,DROP dt=9 tau=2 V=39.6
DROP,637948,157,9309,2212,5249,103,39,396,2,3831,3904,3498
EVT,642001,DROP dt=9 tau=2 V=39.3
DROP,642001,158,9114,2012,5264,105,39,393,2,3831,3910,3488
EVT,646070,DROP dt=9 tau=2 V=40.1
DROP,646069,159,9294,2209,5270,103,39,401,2,3831,3906,3489
EVT,650143,DROP dt=9 tau=2 V=40.2
DROP,650143,160,9240,2156,5281,104,39,402,2,3831,3906,3501
EVT,654240,DROP dt=9 tau=2 V=40.8
DROP,654240,161,9280,2182,5330,103,39,408,2,3831,3906,3494
EVT,658291,DROP dt=9 tau=2 V=40.1
DROP,658291,162,9278,2194,5269,103,39,401,2,3831,3904,3488
EVT,662354,DROP dt=9 tau=2 V=41.7
DROP,662354,163,9069,2041,5344,106,40,417,2,3831,3909,3498
EVT,666423,DROP dt=9 tau=2 V=40.2
DROP,666423,164,9246,2167,5277,104,39,402,2,3831,3907,3490
