EVT,85648,DROP dt=9 tau=4 V=116.0
DROP,85648,5,9942,4811,7448,96,61,1160,1,0,3867,3372
EVT,88255,DROP dt=9 tau=4 V=114.0
DROP,88255,6,9954,4830,7377,96,60,1140,1,0,3866,3374
EVT,90883,DROP dt=10 tau=4 V=110.5
DROP,90883,7,10009,4839,7314,95,60,1105,1,0,3866,3374
EVT,93525,DROP dt=9 tau=4 V=114.7
DROP,93524,8,9926,4803,7393,96,60,1147,1,0,3867,3371
EVT,96182,DROP dt=9 tau=4 V=115.1
DROP,96182,9,9925,4778,7430,96,60,1151,1,0,3866,3370
EVT,98825,DROP dt=9 tau=4 V=116.1
DROP,98824,10,9910,4779,7444,96,61,1161,1,0,3866,3371
EVT,98833,CAL DONE Vcal=114.7 uL
EVT,101508,DROP dt=9 tau=4 V=114.7
DROP,101508,11,9933,4856,7347,96,60,1147,2,0,3872,3371
EVT,104195,DROP dt=9 tau=4 V=115.6
DROP,104195,12,9917,4780,7434,96,60,1156,2,1376,3866,3370
EVT,106880,DROP dt=9 tau=4 V=109.6
DROP,106880,13,9985,4761,7329,95,59,1096,2,2753,3872,3374
EVT,109599,DROP dt=9 tau=4 V=113.6
DROP,109599,14,9912,4784,7355,96,60,1136,2,4129,3866,3371
EVT,112316,DROP dt=9 tau=4 V=113.6
DROP,112316,15,9879,4750,7347,96,60,1136,2,5506,3872,3371
EVT,115037,DROP dt=9 tau=4 V=119.0
DROP,115036,16,9869,4720,7546,96,61,1190,2,6882,3866,3375
EVT,117775,DROP dt=9 tau=4 V=124.1
DROP,117775,17,9755,4721,7565,98,62,1241,2,8258,3872,3369
EVT,120527,DROP dt=9 tau=4 V=124.8
DROP,120527,18,9818,4750,7643,97,62,1248,2,9635,3872,3369
EVT,123284,DROP dt=9 tau=4 V=125.3
DROP,123284,19,9847,4890,7556,97,62,1253,2,11011,3867,3369
EVT,126043,DROP dt=9 tau=4 V=145.3
DROP,126043,20,9397,4398,8042,102,65,1453,2,12387,3872,3369
EVT,128829,DROP dt=9 tau=4 V=160.0
DROP,128828,21,9644,4801,8382,99,67,1600,2,13764,3867,3370
EVT,131607,DROP dt=9 tau=4 V=153.9
DROP,131606,22,9628,4783,8211,99,66,1539,2,13764,3866,3370
EVT,134408,DROP dt=9 tau=4 V=154.2
DROP,134408,23,9656,4823,8219,99,67,1542,2,13764,3872,3371
EVT,137205,DROP dt=9 tau=4 V=150.7
DROP,137204,24,9516,4613,8139,100,66,1507,2,13764,3872,3371
EVT,139984,DROP dt=9 tau=4 V=157.9
DROP,139983,25,9569,4679,8342,100,67,1579,2,13764,3872,3372
EVT,142810,DROP dt=9 tau=4 V=153.9
DROP,142810,26,9586,4688,8250,100,66,1539,2,13764,3867,3370
EVT,145645,DROP dt=9 tau=4 V=157.9
DROP,145644,27,9544,4692,8295,100,67,1579,2,13764,3872,3369
EVT,148483,DROP dt=9 tau=4 V=156.7
DROP,148483,28,9621,4767,8294,99,67,1567,2,13764,3872,3369
EVT,151334,DROP dt=9 tau=4 V=160.8
DROP,151333,29,9540,4689,8370,100,67,1608,2,13764,3872,3369
EVT,154199,DROP dt=9 tau=4 V=156.7
DROP,154198,30,9595,4748,8279,100,67,1567,2,13764,3872,3370
EVT,157059,DROP dt=9 tau=4 V=164.0
DROP,157058,31,9593,4745,8469,100,68,1640,2,13764,3872,3371
EVT,220010,DROP dt=9 tau=4 V=149.8
DROP,220010,32,9611,4806,8055,99,66,1498,2,0,3866,3374
EVT,223155,DROP dt=9 tau=4 V=139.6
DROP,223155,33,9653,4756,7869,99,64,1396,2,1376,3872,3371
EVT,226306,DROP dt=9 tau=4 V=137.4
DROP,226305,34,9624,4742,7780,99,64,1374,2,2753,3867,3373
EVT,258103,DROP dt=10 tau=5 V=122.5
DROP,258102,35,10485,5639,7547,90,62,1225,2,0,3867,3373
EVT,261363,DROP dt=10 tau=5 V=115.2
DROP,261363,36,10608,5644,7442,89,60,1152,2,1376,3868,3375
EVT,264638,DROP dt=10 tau=5 V=114.1
DROP,264638,37,10390,5309,7458,91,60,1141,2,2753,3872,3370
EVT,267924,DROP dt=9 tau=4 V=120.3
DROP,267924,38,9953,4957,7463,96,61,1203,2,4129,3867,3371
EVT,271210,DROP dt=9 tau=4 V=125.2
DROP,271210,39,9856,4858,7595,97,62,1252,2,5506,3866,3373
EVT,277772,DROP dt=9 tau=4 V=122.5
DROP,277772,40,9875,4804,7588,96,62,1225,2,6882,3867,3371
EVT,281061,DROP dt=9 tau=4 V=116.4
DROP,281061,41,9870,4712,7468,96,61,1164,2,8258,3867,3375
EVT,284373,DROP dt=9 tau=4 V=129.5
DROP,284373,42,9675,4621,7731,99,63,1295,2,9635,3872,3371
EVT,297782,DROP dt=9 tau=4 V=120.6
DROP,297782,43,9853,4776,7522,97,61,1206,2,6882,3866,3369
EVT,311292,DROP dt=9 tau=5 V=127.5
DROP,311291,44,9924,5027,7590,96,62,1275,2,2753,3866,3375
EVT,314701,DROP dt=9 tau=4 V=127.2
DROP,314701,45,9812,4912,7546,97,62,1272,2,2753,3869,3374
EVT,321579,DROP dt=9 tau=4 V=126.9
DROP,321579,46,9844,4816,7676,97,62,1269,2,4129,3872,3375
EVT,325009,DROP dt=9 tau=4 V=120.2
DROP,325008,47,9918,4835,7536,96,61,1202,2,5506,3872,3375
EVT,328442,DROP dt=9 tau=4 V=119.6
DROP,328441,48,9880,4810,7490,96,61,1196,2,5506,3866,3370
EVT,331899,DROP dt=9 tau=4 V=122.1
DROP,331899,49,9923,4860,7580,96,62,1221,2,6882,3866,3370
EVT,335347,DROP dt=9 tau=4 V=121.2
DROP,335346,50,9808,4761,7501,97,61,1212,2,8258,3872,3374
EVT,338833,DROP dt=9 tau=4 V=121.9
DROP,338832,51,9870,4874,7492,96,62,1219,2,9635,3867,3370
EVT,342307,DROP dt=9 tau=4 V=123.6
DROP,342307,52,9888,4902,7540,96,62,1236,2,9635,3872,3372
EVT,345794,DROP dt=9 tau=4 V=120.9
DROP,345793,53,9894,4850,7515,96,61,1209,2,9635,3866,3374
EVT,349317,DROP dt=9 tau=4 V=124.5
DROP,349317,54,9846,4853,7566,97,62,1245,2,11011,3866,3370
EVT,352843,DROP dt=9 tau=4 V=129.3
DROP,352843,55,9737,4760,7667,98,63,1293,2,11011,3872,3374
EVT,356340,DROP dt=9 tau=4 V=122.8
DROP,356340,56,9829,4768,7573,97,62,1228,2,11011,3872,3370
EVT,359869,DROP dt=9 tau=4 V=120.8
DROP,359869,57,9819,4765,7497,97,61,1208,2,11011,3872,3371
EVT,363383,DROP dt=9 tau=4 V=123.7
DROP,363383,58,9896,4885,7573,96,62,1237,2,11011,3872,3370
EVT,366902,DROP dt=9 tau=4 V=127.0
DROP,366901,59,9870,4925,7605,96,62,1270,2,11011,3867,3371
EVT,370451,DROP dt=9 tau=4 V=127.8
DROP,370450,60,9856,4840,7696,97,62,1278,2,11011,3872,3375
EVT,377566,DROP dt=9 tau=4 V=120.8
DROP,377565,61,9862,4820,7499,97,61,1208,2,9635,3872,3374
EVT,381110,DROP dt=9 tau=4 V=153.5
DROP,381110,62,9728,4813,8310,98,66,1535,2,9635,3869,3371
EVT,384686,DROP dt=9 tau=4 V=151.5
DROP,384686,63,9736,4832,8247,98,66,1515,2,9635,3872,3373
EVT,388259,DROP dt=9 tau=4 V=151.8
DROP,388259,64,9694,4755,8273,98,66,1518,2,9635,3872,3373
EVT,391849,DROP dt=9 tau=4 V=150.7
DROP,391849,65,9746,4832,8238,98,66,1507,2,9635,3872,3371
EVT,395428,DROP dt=9 tau=4 V=147.3
DROP,395428,66,9675,4826,8052,99,66,1473,2,9635,3872,3370
EVT,398995,DROP dt=9 tau=4 V=133.3
DROP,398995,67,9819,4982,7677,97,63,1333,2,9635,3866,3373
EVT,402582,DROP dt=9 tau=4 V=128.0
DROP,402582,68,9838,4956,7563,97,63,1280,2,9635,3866,3370
EVT,406209,DROP dt=9 tau=4 V=132.8
DROP,406209,69,9720,4758,7754,98,63,1328,2,11011,3873,3375
EVT,409813,DROP dt=9 tau=4 V=126.4
DROP,409813,70,9829,4834,7622,97,62,1264,2,11011,3872,3370
EVT,413428,DROP dt=9 tau=4 V=126.4
DROP,413428,71,9829,4842,7615,97,62,1264,2,11011,3872,3370
EVT,417083,DROP dt=9 tau=4 V=126.7
DROP,417083,72,9863,4853,7657,97,62,1267,2,11011,3866,3375
EVT,420725,DROP dt=9 tau=4 V=130.8
DROP,420725,73,9745,4767,7718,98,63,1308,2,11011,3872,3371
EVT,424379,DROP dt=9 tau=4 V=137.8
DROP,424379,74,9799,4889,7881,97,64,1378,2,11011,3872,3373
EVT,428030,DROP dt=9 tau=4 V=128.7
DROP,428029,75,9772,4761,7693,98,63,1287,2,11011,3872,3375
EVT,431686,DROP dt=9 tau=4 V=128.5
DROP,431686,76,9806,4852,7641,97,63,1285,2,11011,3866,3375
EVT,435357,DROP dt=9 tau=4 V=126.7
DROP,435357,77,9798,4826,7599,97,62,1267,2,11011,3872,3370
EVT,439051,DROP dt=9 tau=4 V=126.3
DROP,439051,78,9830,4838,7617,97,62,1263,2,11011,3872,3370
EVT,442748,DROP dt=9 tau=4 V=127.6
DROP,442748,79,9720,4750,7600,98,62,1276,2,11011,3872,3375
EVT,446453,DROP dt=9 tau=4 V=134.9
DROP,446453,80,9794,4890,7786,97,64,1349,2,11011,3872,3374
EVT,453878,DROP dt=9 tau=4 V=134.0
DROP,453878,81,9716,4794,7750,98,63,1340,2,9635,3873,3374
# Dripito Rev-B UART log v1; t_ms = ms since boot
# EVT,<t_ms>,<message>
# DROP,<t_ms>,<drop_N>,<transit_us>,<pulse_top_us>,<pulse_bot_us>,<v_centi_mps>,<d_0.1mm>,<V_0.1uL>,<state>,<Q_0.01mLph>,<top_raw>,<bot_raw>
# EVT,<t_ms>,DROP_REJECT,reason=<r>,dt_us=...,tau_us=...,v_mmps_tenths=...,d_mm_tenths=...,V_uL_tenths=...
EVT,6335,BOOT done
EVT,6337,thresh T_hi=3880 B_hi=3381
EVT,10361,DROP dt=10 tau=6 V=131.1
DROP,10361,1,10544,6045,7512,90,63,1311,1,0,3881,3387
EVT,14259,DROP dt=10 tau=6 V=135.5
DROP,14258,2,10557,6097,7621,90,64,1355,1,0,3887,3394
EVT,18133,DROP dt=10 tau=6 V=247.1
DROP,18133,3,10407,6047,10343,91,78,2471,1,0,3881,3386
EVT,22039,DROP dt=10 tau=5 V=135.3
DROP,22039,4,10466,5955,7635,90,64,1353,1,0,3887,3384
EVT,25945,DROP dt=9 tau=4 V=123.7
DROP,25945,5,9632,4447,7668,99,62,1237,1,0,3882,3386
EVT,29836,DROP dt=9 tau=4 V=124.0
DROP,29836,6,9532,4338,7654,100,62,1240,1,0,3883,3384
EVT,33753,DROP dt=9 tau=4 V=125.7
DROP,33753,7,9525,4380,7659,100,62,1257,1,0,3883,3386
EVT,37680,DROP dt=9 tau=4 V=121.5
DROP,37680,8,9538,4366,7557,100,61,1215,1,0,3883,3384
EVT,41613,DROP dt=9 tau=4 V=122.8
DROP,41613,9,9565,4381,7618,100,62,1228,1,0,3885,3392
EVT,45549,DROP dt=9 tau=4 V=121.1
DROP,45549,10,9637,4443,7595,99,61,1211,1,0,3882,3387
EVT,45557,CAL DONE Vcal=127.5 uL
EVT,49490,DROP dt=9 tau=4 V=122.2
DROP,49489,11,9591,4417,7595,100,62,1222,2,0,3885,3387
EVT,53412,DROP dt=9 tau=4 V=120.9
DROP,53412,12,9616,4407,7596,99,61,1209,2,1530,3881,3386
EVT,57326,DROP dt=9 tau=4 V=118.2
DROP,57326,13,9492,4241,7517,101,61,1182,2,3059,3881,3387
EVT,61308,DROP dt=9 tau=4 V=123.8
DROP,61308,14,9380,4211,7577,102,62,1238,2,4589,3882,3384
EVT,65263,DROP dt=9 tau=4 V=124.7
DROP,65263,15,9556,4376,7671,100,62,1247,2,6118,3882,3387
EVT,69211,DROP dt=9 tau=4 V=123.4
DROP,69211,16,9556,4350,7654,100,62,1234,2,7648,3881,3384
